Component: ARM Compiler 5.06 update 6 (build 750) Tool: armlink [4d35ed]

==============================================================================

Section Cross References

    startup_stm32f205xx.o(RESET) refers to startup_stm32f205xx.o(STACK) for __initial_sp
    startup_stm32f205xx.o(RESET) refers to startup_stm32f205xx.o(.text) for Reset_Handler
    startup_stm32f205xx.o(RESET) refers to stm32f2xx_it.o(i.NMI_Handler) for NMI_Handler
    startup_stm32f205xx.o(RESET) refers to stm32f2xx_it.o(i.HardFault_Handler) for HardFault_Handler
    startup_stm32f205xx.o(RESET) refers to stm32f2xx_it.o(i.MemManage_Handler) for MemManage_Handler
    startup_stm32f205xx.o(RESET) refers to stm32f2xx_it.o(i.BusFault_Handler) for BusFault_Handler
    startup_stm32f205xx.o(RESET) refers to stm32f2xx_it.o(i.UsageFault_Handler) for UsageFault_Handler
    startup_stm32f205xx.o(RESET) refers to stm32f2xx_it.o(i.SVC_Handler) for SVC_Handler
    startup_stm32f205xx.o(RESET) refers to stm32f2xx_it.o(i.DebugMon_Handler) for DebugMon_Handler
    startup_stm32f205xx.o(RESET) refers to stm32f2xx_it.o(i.PendSV_Handler) for PendSV_Handler
    startup_stm32f205xx.o(RESET) refers to stm32f2xx_it.o(i.SysTick_Handler) for SysTick_Handler
    startup_stm32f205xx.o(RESET) refers to stm32f2xx_it.o(i.TIM2_IRQHandler) for TIM2_IRQHandler
    startup_stm32f205xx.o(RESET) refers to stm32f2xx_it.o(i.USART1_IRQHandler) for USART1_IRQHandler
    startup_stm32f205xx.o(RESET) refers to stm32f2xx_it.o(i.USART3_IRQHandler) for USART3_IRQHandler
    startup_stm32f205xx.o(RESET) refers to stm32f2xx_it.o(i.DMA2_Stream0_IRQHandler) for DMA2_Stream0_IRQHandler
    startup_stm32f205xx.o(.text) refers to system_stm32f2xx.o(i.SystemInit) for SystemInit
    startup_stm32f205xx.o(.text) refers to entry.o(.ARM.Collect$$$$00000000) for __main
    common.o(i.ADC_measure) refers to common.o(.bss) for .bss
    common.o(i.ADC_update) refers to dfltui.o(.text) for __aeabi_ui2d
    common.o(i.ADC_update) refers to dmul.o(.text) for __aeabi_dmul
    common.o(i.ADC_update) refers to d2f.o(.text) for __aeabi_d2f
    common.o(i.ADC_update) refers to simplekalmanfilter.o(i.updateEstimate) for updateEstimate
    common.o(i.ADC_update) refers to ffixui.o(.text) for __aeabi_f2uiz
    common.o(i.ADC_update) refers to simplekalmanfilter.o(i.updateEstimate_2) for updateEstimate_2
    common.o(i.ADC_update) refers to simplekalmanfilter.o(i.updateEstimate_3) for updateEstimate_3
    common.o(i.ADC_update) refers to simplekalmanfilter.o(i.updateEstimate_4) for updateEstimate_4
    common.o(i.ADC_update) refers to simplekalmanfilter.o(i.updateEstimate_5) for updateEstimate_5
    common.o(i.ADC_update) refers to simplekalmanfilter.o(i.updateEstimate_6) for updateEstimate_6
    common.o(i.ADC_update) refers to common.o(.bss) for .bss
    common.o(i.APP_Delay) refers to stm32f2xx_hal.o(i.HAL_Delay) for HAL_Delay
    common.o(i.BUTTON_update) refers to stm32f2xx_hal_gpio.o(i.HAL_GPIO_ReadPin) for HAL_GPIO_ReadPin
    common.o(i.BUTTON_update) refers to common.o(.data) for .data
    common.o(i.TimerUpdate_Callback) refers to common.o(i.ADC_update) for ADC_update
    common.o(i.TimerUpdate_Callback) refers to stm32f2xx_hal_gpio.o(i.HAL_GPIO_WritePin) for HAL_GPIO_WritePin
    common.o(i.TimerUpdate_Callback) refers to common.o(i.ADC_measure) for ADC_measure
    common.o(i.TimerUpdate_Callback) refers to common.o(i.BUTTON_update) for BUTTON_update
    common.o(i.TimerUpdate_Callback) refers to common.o(.data) for .data
    common.o(i.UART1_CharReception_Callback) refers to common.o(.data) for .data
    common.o(i.UART1_CharReception_Callback) refers to common.o(.bss) for .bss
    common.o(i.UART1_Error_Callback) refers to common.o(i.__NVIC_DisableIRQ) for __NVIC_DisableIRQ
    common.o(i.UART1_GetDataByte) refers to common.o(i.UART1_CharReception_Callback) for UART1_CharReception_Callback
    common.o(i.UART1_GetDataByte) refers to common.o(i.UART1_Error_Callback) for UART1_Error_Callback
    common.o(i.UART3_CharReception_Callback) refers to common.o(.data) for .data
    common.o(i.UART3_CharReception_Callback) refers to common.o(.bss) for .bss
    common.o(i.UART3_Error_Callback) refers to common.o(i.__NVIC_DisableIRQ) for __NVIC_DisableIRQ
    common.o(i.UART3_GetDataByte) refers to common.o(i.UART3_CharReception_Callback) for UART3_CharReception_Callback
    common.o(i.UART3_GetDataByte) refers to common.o(i.UART3_Error_Callback) for UART3_Error_Callback
    common.o(i.USART_PrChar) refers to stm32f2xx_hal_uart.o(i.HAL_UART_Transmit) for HAL_UART_Transmit
    common.o(i.USART_Prdata) refers to memcpya.o(.text) for __aeabi_memcpy4
    common.o(i.USART_Prdata) refers to common.o(i.USART_PrChar) for USART_PrChar
    common.o(i.fputc) refers to stm32f2xx_hal_uart.o(i.HAL_UART_Transmit) for HAL_UART_Transmit
    common.o(i.fputc) refers to usart.o(.bss) for huart1
    74hc595.o(i.HC595_Disable) refers to stm32f2xx_hal_gpio.o(i.HAL_GPIO_WritePin) for HAL_GPIO_WritePin
[...]
    i.UART1_Error_Callback                   0x08003460   Section        0  common.o(i.UART1_Error_Callback)
    i.UART1_GetDataByte                      0x08003474   Section        0  common.o(i.UART1_GetDataByte)
    i.UART3_CharReception_Callback           0x080034ac   Section        0  common.o(i.UART3_CharReception_Callback)
    i.UART3_Error_Callback                   0x08003504   Section        0  common.o(i.UART3_Error_Callback)
    i.UART3_GetDataByte                      0x08003518   Section        0  common.o(i.UART3_GetDataByte)
    i.UART_DMAAbortOnError                   0x08003550   Section        0  stm32f2xx_hal_uart.o(i.UART_DMAAbortOnError)
    UART_DMAAbortOnError                     0x08003551   Thumb Code    16  stm32f2xx_hal_uart.o(i.UART_DMAAbortOnError)
    i.UART_EndRxTransfer                     0x08003560   Section        0  stm32f2xx_hal_uart.o(i.UART_EndRxTransfer)
    UART_EndRxTransfer                       0x08003561   Thumb Code    48  stm32f2xx_hal_uart.o(i.UART_EndRxTransfer)
    i.UART_Receive_IT                        0x08003590   Section        0  stm32f2xx_hal_uart.o(i.UART_Receive_IT)
    UART_Receive_IT                          0x08003591   Thumb Code   182  stm32f2xx_hal_uart.o(i.UART_Receive_IT)
    i.UART_SetConfig                         0x08003648   Section        0  stm32f2xx_hal_uart.o(i.UART_SetConfig)
    UART_SetConfig                           0x08003649   Thumb Code   284  stm32f2xx_hal_uart.o(i.UART_SetConfig)
    i.UART_WaitOnFlagUntilTimeout            0x0800376c   Section        0  stm32f2xx_hal_uart.o(i.UART_WaitOnFlagUntilTimeout)
    UART_WaitOnFlagUntilTimeout              0x0800376d   Thumb Code   100  stm32f2xx_hal_uart.o(i.UART_WaitOnFlagUntilTimeout)
    i.USART1_IRQHandler                      0x080037d0   Section        0  stm32f2xx_it.o(i.USART1_IRQHandler)
    i.USART3_IRQHandler                      0x080037e4   Section        0  stm32f2xx_it.o(i.USART3_IRQHandler)
    i.USART_InterruptInit                    0x080037f8   Section        0  common.o(i.USART_InterruptInit)
    i.UpdateLCD_ADC_value                    0x08003828   Section        0  draw.o(i.UpdateLCD_ADC_value)
    i.UpdateLCD_Bubbles                      0x080039a8   Section        0  draw.o(i.UpdateLCD_Bubbles)
    i.UpdateLCD_Button                       0x08003a7c   Section        0  draw.o(i.UpdateLCD_Button)
    i.UsageFault_Handler                     0x08003c20   Section        0  stm32f2xx_it.o(i.UsageFault_Handler)
    i.__0printf$1                            0x08003c24   Section        0  printf1.o(i.__0printf$1)
    i.__0sprintf$1                           0x08003c44   Section        0  printf1.o(i.__0sprintf$1)
    i.__ARM_fpclassify                       0x08003c6c   Section        0  fpclassify.o(i.__ARM_fpclassify)
    i.__NVIC_DisableIRQ                      0x08003c94   Section        0  common.o(i.__NVIC_DisableIRQ)
    __NVIC_DisableIRQ                        0x08003c95   Thumb Code    34  common.o(i.__NVIC_DisableIRQ)
    i.__NVIC_SetPriority                     0x08003cb6   Section        0  stm32f2xx_hal_cortex.o(i.__NVIC_SetPriority)
    __NVIC_SetPriority                       0x08003cb7   Thumb Code    32  stm32f2xx_hal_cortex.o(i.__NVIC_SetPriority)
    i.__ieee754_rem_pio2                     0x08003cd8   Section        0  rred.o(i.__ieee754_rem_pio2)
    i.__kernel_cos                           0x08004060   Section        0  cos_i.o(i.__kernel_cos)
    i.__kernel_poly                          0x0800415c   Section        0  poly.o(i.__kernel_poly)
    i.__kernel_sin                           0x08004208   Section        0  sin_i.o(i.__kernel_sin)
    i.__mathlib_dbl_infnan                   0x080042f4   Section        0  dunder.o(i.__mathlib_dbl_infnan)
    i.__mathlib_dbl_invalid                  0x080042fa   Section        0  dunder.o(i.__mathlib_dbl_invalid)
    i.__mathlib_dbl_underflow                0x08004308   Section        0  dunder.o(i.__mathlib_dbl_underflow)
    i.__scatterload_copy                     0x08004318   Section       14  handlers.o(i.__scatterload_copy)
    i.__scatterload_null                     0x08004326   Section        2  handlers.o(i.__scatterload_null)
    i.__scatterload_zeroinit                 0x08004328   Section       14  handlers.o(i.__scatterload_zeroinit)
    i.__set_errno                            0x08004338   Section        0  errno.o(i.__set_errno)
    i._printf_core                           0x08004344   Section        0  printf1.o(i._printf_core)
    _printf_core                             0x08004345   Thumb Code   336  printf1.o(i._printf_core)
    i._sputc                                 0x08004498   Section        0  printf1.o(i._sputc)
    _sputc                                   0x08004499   Thumb Code    10  printf1.o(i._sputc)
    i.clrXY                                  0x080044a4   Section        0  tft_glcd.o(i.clrXY)
    i.cos                                    0x080044c4   Section        0  cos.o(i.cos)
    i.fputc                                  0x08004560   Section        0  common.o(i.fputc)
    i.lcd_draw_Hline                         0x08004578   Section        0  tft_glcd.o(i.lcd_draw_Hline)
    i.lcd_draw_Vline                         0x080045c0   Section        0  tft_glcd.o(i.lcd_draw_Vline)
    i.lcd_draw_circle_fill                   0x08004620   Section        0  tft_glcd.o(i.lcd_draw_circle_fill)
    i.lcd_draw_circle_outline                0x08004674   Section        0  tft_glcd.o(i.lcd_draw_circle_outline)
    i.lcd_draw_enter_fill                    0x080047d0   Section        0  tft_glcd.o(i.lcd_draw_enter_fill)
    i.lcd_draw_exit_fill                     0x08004884   Section        0  tft_glcd.o(i.lcd_draw_exit_fill)
    i.lcd_draw_line                          0x080048e4   Section        0  tft_glcd.o(i.lcd_draw_line)
    i.lcd_draw_power_fill                    0x080049b8   Section        0  tft_glcd.o(i.lcd_draw_power_fill)
    i.lcd_draw_return_fill                   0x08004a18   Section        0  tft_glcd.o(i.lcd_draw_return_fill)
    i.lcd_draw_square_fill                   0x08004b1c   Section        0  tft_glcd.o(i.lcd_draw_square_fill)
    i.lcd_draw_square_outline                0x08004b44   Section        0  tft_glcd.o(i.lcd_draw_square_outline)
    i.lcd_draw_triangle_fill                 0x08004b8c   Section        0  tft_glcd.o(i.lcd_draw_triangle_fill)
    i.lcd_print_text                         0x08004d30   Section        0  tft_glcd.o(i.lcd_print_text)
    i.lcd_screen_fill                        0x08004dd0   Section        0  tft_glcd.o(i.lcd_screen_fill)
    i.lcd_set_color16bit                     0x08004e44   Section        0  tft_glcd.o(i.lcd_set_color16bit)
    i.lcd_set_colorRGB                       0x08004e54   Section        0  tft_glcd.o(i.lcd_set_colorRGB)
    i.lcd_set_pixel                          0x08004e74   Section        0  tft_glcd.o(i.lcd_set_pixel)
    i.main                                   0x08004e80   Section        0  main.o(i.main)
    i.printChar                              0x08004f94   Section        0  tft_glcd.o(i.printChar)
    i.rotateChar                             0x080050e8   Section        0  tft_glcd.o(i.rotateChar)
    i.setFont                                0x08005298   Section        0  tft_glcd.o(i.setFont)
    i.setXY                                  0x080052b4   Section        0  tft_glcd.o(i.setXY)
    i.sin                                    0x08005320   Section        0  sin.o(i.sin)
    i.updateEstimate                         0x080053c0   Section        0  simplekalmanfilter.o(i.updateEstimate)
    i.updateEstimate_2                       0x0800545c   Section        0  simplekalmanfilter.o(i.updateEstimate_2)
    i.updateEstimate_3                       0x080054f8   Section        0  simplekalmanfilter.o(i.updateEstimate_3)
    i.updateEstimate_4                       0x08005594   Section        0  simplekalmanfilter.o(i.updateEstimate_4)
    i.updateEstimate_5                       0x08005630   Section        0  simplekalmanfilter.o(i.updateEstimate_5)
    i.updateEstimate_6                       0x080056cc   Section        0  simplekalmanfilter.o(i.updateEstimate_6)
    .constdata                               0x0800576c   Section        8  stm32f2xx_hal_dma.o(.constdata)
    flagBitshiftOffset                       0x0800576c   Data           8  stm32f2xx_hal_dma.o(.constdata)
    .constdata                               0x08005774   Section       16  system_stm32f2xx.o(.constdata)
    .constdata                               0x08005784   Section        8  system_stm32f2xx.o(.constdata)
    .constdata                               0x08005790   Section       48  cos_i.o(.constdata)
    C                                        0x08005790   Data          48  cos_i.o(.constdata)
    .constdata                               0x080057c0   Section      200  rred.o(.constdata)
    pio2s                                    0x080057c0   Data          48  rred.o(.constdata)
    twooverpi                                0x080057f0   Data         152  rred.o(.constdata)
    .constdata                               0x08005888   Section       40  sin_i.o(.constdata)
    S                                        0x08005888   Data          40  sin_i.o(.constdata)
    .data                                    0x20000000   Section       28  common.o(.data)
    .data                                    0x2000001c   Section        1  common.o(.data)
    .data                                    0x2000001d   Section        1  common.o(.data)
    .data                                    0x2000001e   Section        1  common.o(.data)
    .data                                    0x2000001f   Section        1  common.o(.data)
    .data                                    0x20000020   Section        1  common.o(.data)
    .data                                    0x20000021   Section        1  common.o(.data)
    .data                                    0x20000022   Section        1  common.o(.data)
    .data                                    0x20000023   Section        1  common.o(.data)
    .data                                    0x20000024   Section        2  main.o(.data)
    .data                                    0x20000028   Section        8  tim.o(.data)
    InitialAutoreload                        0x20000028   Data           4  tim.o(.data)
    TimOutClock                              0x2000002c   Data           4  tim.o(.data)
    .data                                    0x20000030   Section      144  simplekalmanfilter.o(.data)
    .data                                    0x200000c0   Section      764  tft_glcd.o(.data)
    .data                                    0x200003bc   Section       24  tft_glcd.o(.data)
    .data                                    0x200003d4   Section      380  draw.o(.data)
    .data                                    0x20000550   Section       12  stm32f2xx_hal.o(.data)
    .data                                    0x2000055c   Section        4  system_stm32f2xx.o(.data)
    .data                                    0x20000560   Section        4  rand.o(.data)
    _rand_state                              0x20000560   Data           4  rand.o(.data)
    .data                                    0x20000564   Section        4  stdout.o(.data)
    .data                                    0x20000568   Section        4  errno.o(.data)
    _errno                                   0x20000568   Data           4  errno.o(.data)
    .bss                                     0x2000056c   Section      784  common.o(.bss)
    .bss                                     0x2000087c   Section      168  adc.o(.bss)
    .bss                                     0x20000924   Section      136  usart.o(.bss)
    STACK                                    0x200009b0   Section     1024  startup_stm32f205xx.o(STACK)

    Global Symbols

    Symbol Name                              Value     Ov Type        Size  Object(Section)

    BuildAttributes$$THM_ISAv4$P$D$K$B$S$PE$A:L22UL41UL21$X:L11$S22US41US21$IEEE1$IW$USESV6$~STKCKD$USESV7$~SHL$OTIME$ROPI$IEEEX$EBA8$MICROLIB$REQ8$PRES8$EABIv2 0x00000000   Number         0  anon$$obj.o ABSOLUTE
    __ARM_use_no_argv                        0x00000000   Number         0  main.o ABSOLUTE
    _printf_a                                0x00000000   Number         0  stubs.o ABSOLUTE
    _printf_c                                0x00000000   Number         0  stubs.o ABSOLUTE
    _printf_charcount                        0x00000000   Number         0  stubs.o ABSOLUTE
    _printf_d                                0x00000000   Number         0  stubs.o ABSOLUTE
    _printf_e                                0x00000000   Number         0  stubs.o ABSOLUTE
    _printf_f                                0x00000000   Number         0  stubs.o ABSOLUTE
    _printf_flags                            0x00000000   Number         0  stubs.o ABSOLUTE
    _printf_fp_dec                           0x00000000   Number         0  stubs.o ABSOLUTE
    _printf_fp_hex                           0x00000000   Number         0  stubs.o ABSOLUTE
    _printf_g                                0x00000000   Number         0  stubs.o ABSOLUTE
    _printf_i                                0x00000000   Number         0  stubs.o ABSOLUTE
    _printf_int_dec                          0x00000000   Number         0  stubs.o ABSOLUTE
    _printf_l                                0x00000000   Number         0  stubs.o ABSOLUTE
    _printf_lc                               0x00000000   Number         0  stubs.o ABSOLUTE
    _printf_ll                               0x00000000   Number         0  stubs.o ABSOLUTE
    _printf_lld                              0x00000000   Number         0  stubs.o ABSOLUTE
    _printf_lli                              0x00000000   Number         0  stubs.o ABSOLUTE
    _printf_llo                              0x00000000   Number         0  stubs.o ABSOLUTE
    _printf_llu                              0x00000000   Number         0  stubs.o ABSOLUTE
    _printf_llx                              0x00000000   Number         0  stubs.o ABSOLUTE
    _printf_longlong_dec                     0x00000000   Number         0  stubs.o ABSOLUTE
    _printf_longlong_hex                     0x00000000   Number         0  stubs.o ABSOLUTE
    _printf_longlong_oct                     0x00000000   Number         0  stubs.o ABSOLUTE
    _printf_ls                               0x00000000   Number         0  stubs.o ABSOLUTE
    _printf_mbtowc                           0x00000000   Number         0  stubs.o ABSOLUTE
    _printf_n                                0x00000000   Number         0  stubs.o ABSOLUTE
    _printf_o                                0x00000000   Number         0  stubs.o ABSOLUTE
    _printf_p                                0x00000000   Number         0  stubs.o ABSOLUTE
    _printf_percent                          0x00000000   Number         0  stubs.o ABSOLUTE
    _printf_pre_padding                      0x00000000   Number         0  stubs.o ABSOLUTE
    _printf_return_value                     0x00000000   Number         0  stubs.o ABSOLUTE
    _printf_s                                0x00000000   Number         0  stubs.o ABSOLUTE
    _printf_sizespec                         0x00000000   Number         0  stubs.o ABSOLUTE
    _printf_str                              0x00000000   Number         0  stubs.o ABSOLUTE
    _printf_truncate_signed                  0x00000000   Number         0  stubs.o ABSOLUTE
    _printf_truncate_unsigned                0x00000000   Number         0  stubs.o ABSOLUTE
    _printf_u                                0x00000000   Number         0  stubs.o ABSOLUTE
    _printf_wc                               0x00000000   Number         0  stubs.o ABSOLUTE
    _printf_wctomb                           0x00000000   Number         0  stubs.o ABSOLUTE
    _printf_widthprec                        0x00000000   Number         0  stubs.o ABSOLUTE
    _printf_x                                0x00000000   Number         0  stubs.o ABSOLUTE
    __cpp_initialize__aeabi_                  - Undefined Weak Reference
    __cxa_finalize                            - Undefined Weak Reference
    _clock_init                               - Undefined Weak Reference
    _microlib_exit                            - Undefined Weak Reference
    __Vectors_Size                           0x00000184   Number         0  startup_stm32f205xx.o ABSOLUTE
    __Vectors                                0x08000000   Data           4  startup_stm32f205xx.o(RESET)
    __Vectors_End                            0x08000184   Data           0  startup_stm32f205xx.o(RESET)
    __main                                   0x08000185   Thumb Code     0  entry.o(.ARM.Collect$$$$00000000)
    _main_stk                                0x08000185   Thumb Code     0  entry2.o(.ARM.Collect$$$$00000001)
    _main_scatterload                        0x08000189   Thumb Code     0  entry5.o(.ARM.Collect$$$$00000004)
    __main_after_scatterload                 0x0800018d   Thumb Code     0  entry5.o(.ARM.Collect$$$$00000004)
    _main_clock                              0x0800018d   Thumb Code     0  entry7b.o(.ARM.Collect$$$$00000008)
    _main_cpp_init                           0x0800018d   Thumb Code     0  entry8b.o(.ARM.Collect$$$$0000000A)
    _main_init                               0x0800018d   Thumb Code     0  entry9a.o(.ARM.Collect$$$$0000000B)
    __rt_final_cpp                           0x08000195   Thumb Code     0  entry10a.o(.ARM.Collect$$$$0000000D)
    __rt_final_exit                          0x08000195   Thumb Code     0  entry11a.o(.ARM.Collect$$$$0000000F)
    Reset_Handler                            0x08000199   Thumb Code     8  startup_stm32f205xx.o(.text)
    ADC_IRQHandler                           0x080001b3   Thumb Code     0  startup_stm32f205xx.o(.text)
    CAN1_RX0_IRQHandler                      0x080001b3   Thumb Code     0  startup_stm32f205xx.o(.text)
    CAN1_RX1_IRQHandler                      0x080001b3   Thumb Code     0  startup_stm32f205xx.o(.text)
    CAN1_SCE_IRQHandler                      0x080001b3   Thumb Code     0  startup_stm32f205xx.o(.text)
    CAN1_TX_IRQHandler                       0x080001b3   Thumb Code     0  startup_stm32f205xx.o(.text)
    CAN2_RX0_IRQHandler                      0x080001b3   Thumb Code     0  startup_stm32f205xx.o(.text)
    CAN2_RX1_IRQHandler                      0x080001b3   Thumb Code     0  startup_stm32f205xx.o(.text)
    CAN2_SCE_IRQHandler                      0x080001b3   Thumb Code     0  startup_stm32f205xx.o(.text)
    CAN2_TX_IRQHandler                       0x080001b3   Thumb Code     0  startup_stm32f205xx.o(.text)
    DMA1_Stream0_IRQHandler                  0x080001b3   Thumb Code     0  startup_stm32f205xx.o(.text)
    DMA1_Stream1_IRQHandler                  0x080001b3   Thumb Code     0  startup_stm32f205xx.o(.text)
    DMA1_Stream2_IRQHandler                  0x080001b3   Thumb Code     0  startup_stm32f205xx.o(.text)
    DMA1_Stream3_IRQHandler                  0x080001b3   Thumb Code     0  startup_stm32f205xx.o(.text)
    DMA1_Stream4_IRQHandler                  0x080001b3   Thumb Code     0  startup_stm32f205xx.o(.text)
    DMA1_Stream5_IRQHandler                  0x080001b3   Thumb Code     0  startup_stm32f205xx.o(.text)
    DMA1_Stream6_IRQHandler                  0x080001b3   Thumb Code     0  startup_stm32f205xx.o(.text)
    DMA1_Stream7_IRQHandler                  0x080001b3   Thumb Code     0  startup_stm32f205xx.o(.text)
    DMA2_Stream1_IRQHandler                  0x080001b3   Thumb Code     0  startup_stm32f205xx.o(.text)
    DMA2_Stream2_IRQHandler                  0x080001b3   Thumb Code     0  startup_stm32f205xx.o(.text)
    DMA2_Stream3_IRQHandler                  0x080001b3   Thumb Code     0  startup_stm32f205xx.o(.text)
    DMA2_Stream4_IRQHandler                  0x080001b3   Thumb Code     0  startup_stm32f205xx.o(.text)
    DMA2_Stream5_IRQHandler                  0x080001b3   Thumb Code     0  startup_stm32f205xx.o(.text)
    DMA2_Stream6_IRQHandler                  0x080001b3   Thumb Code     0  startup_stm32f205xx.o(.text)
    DMA2_Stream7_IRQHandler                  0x080001b3   Thumb Code     0  startup_stm32f205xx.o(.text)
    EXTI0_IRQHandler                         0x080001b3   Thumb Code     0  startup_stm32f205xx.o(.text)
    EXTI15_10_IRQHandler                     0x080001b3   Thumb Code     0  startup_stm32f205xx.o(.text)
    EXTI1_IRQHandler                         0x080001b3   Thumb Code     0  startup_stm32f205xx.o(.text)
    EXTI2_IRQHandler                         0x080001b3   Thumb Code     0  startup_stm32f205xx.o(.text)
    EXTI3_IRQHandler                         0x080001b3   Thumb Code     0  startup_stm32f205xx.o(.text)
    EXTI4_IRQHandler                         0x080001b3   Thumb Code     0  startup_stm32f205xx.o(.text)
    EXTI9_5_IRQHandler                       0x080001b3   Thumb Code     0  startup_stm32f205xx.o(.text)
    FLASH_IRQHandler                         0x080001b3   Thumb Code     0  startup_stm32f205xx.o(.text)
    FSMC_IRQHandler                          0x080001b3   Thumb Code     0  startup_stm32f205xx.o(.text)
    HASH_RNG_IRQHandler                      0x080001b3   Thumb Code     0  startup_stm32f205xx.o(.text)
    I2C1_ER_IRQHandler                       0x080001b3   Thumb Code     0  startup_stm32f205xx.o(.text)
    I2C1_EV_IRQHandler                       0x080001b3   Thumb Code     0  startup_stm32f205xx.o(.text)
    I2C2_ER_IRQHandler                       0x080001b3   Thumb Code     0  startup_stm32f205xx.o(.text)
    I2C2_EV_IRQHandler                       0x080001b3   Thumb Code     0  startup_stm32f205xx.o(.text)
    I2C3_ER_IRQHandler                       0x080001b3   Thumb Code     0  startup_stm32f205xx.o(.text)
    I2C3_EV_IRQHandler                       0x080001b3   Thumb Code     0  startup_stm32f205xx.o(.text)
    OTG_FS_IRQHandler                        0x080001b3   Thumb Code     0  startup_stm32f205xx.o(.text)
    OTG_FS_WKUP_IRQHandler                   0x080001b3   Thumb Code     0  startup_stm32f205xx.o(.text)
    OTG_HS_EP1_IN_IRQHandler                 0x080001b3   Thumb Code     0  startup_stm32f205xx.o(.text)
    OTG_HS_EP1_OUT_IRQHandler                0x080001b3   Thumb Code     0  startup_stm32f205xx.o(.text)
    OTG_HS_IRQHandler                        0x080001b3   Thumb Code     0  startup_stm32f205xx.o(.text)
    OTG_HS_WKUP_IRQHandler                   0x080001b3   Thumb Code     0  startup_stm32f205xx.o(.text)
    PVD_IRQHandler                           0x080001b3   Thumb Code     0  startup_stm32f205xx.o(.text)
    RCC_IRQHandler                           0x080001b3   Thumb Code     0  startup_stm32f205xx.o(.text)
    RTC_Alarm_IRQHandler                     0x080001b3   Thumb Code     0  startup_stm32f205xx.o(.text)
    RTC_WKUP_IRQHandler                      0x080001b3   Thumb Code     0  startup_stm32f205xx.o(.text)
    SDIO_IRQHandler                          0x080001b3   Thumb Code     0  startup_stm32f205xx.o(.text)
    SPI1_IRQHandler                          0x080001b3   Thumb Code     0  startup_stm32f205xx.o(.text)
    SPI2_IRQHandler                          0x080001b3   Thumb Code     0  startup_stm32f205xx.o(.text)
    SPI3_IRQHandler                          0x080001b3   Thumb Code     0  startup_stm32f205xx.o(.text)
    TAMP_STAMP_IRQHandler                    0x080001b3   Thumb Code     0  startup_stm32f205xx.o(.text)
    TIM1_BRK_TIM9_IRQHandler                 0x080001b3   Thumb Code     0  startup_stm32f205xx.o(.text)
    TIM1_CC_IRQHandler                       0x080001b3   Thumb Code     0  startup_stm32f205xx.o(.text)
    TIM1_TRG_COM_TIM11_IRQHandler            0x080001b3   Thumb Code     0  startup_stm32f205xx.o(.text)
    TIM1_UP_TIM10_IRQHandler                 0x080001b3   Thumb Code     0  startup_stm32f205xx.o(.text)
    TIM3_IRQHandler                          0x080001b3   Thumb Code     0  startup_stm32f205xx.o(.text)
    TIM4_IRQHandler                          0x080001b3   Thumb Code     0  startup_stm32f205xx.o(.text)
    TIM5_IRQHandler                          0x080001b3   Thumb Code     0  startup_stm32f205xx.o(.text)
    TIM6_DAC_IRQHandler                      0x080001b3   Thumb Code     0  startup_stm32f205xx.o(.text)
    TIM7_IRQHandler                          0x080001b3   Thumb Code     0  startup_stm32f205xx.o(.text)
    TIM8_BRK_TIM12_IRQHandler                0x080001b3   Thumb Code     0  startup_stm32f205xx.o(.text)
    TIM8_CC_IRQHandler                       0x080001b3   Thumb Code     0  startup_stm32f205xx.o(.text)
    TIM8_TRG_COM_TIM14_IRQHandler            0x080001b3   Thumb Code     0  startup_stm32f205xx.o(.text)
    TIM8_UP_TIM13_IRQHandler                 0x080001b3   Thumb Code     0  startup_stm32f205xx.o(.text)
    UART4_IRQHandler                         0x080001b3   Thumb Code     0  startup_stm32f205xx.o(.text)
    UART5_IRQHandler                         0x080001b3   Thumb Code     0  startup_stm32f205xx.o(.text)
    USART2_IRQHandler                        0x080001b3   Thumb Code     0  startup_stm32f205xx.o(.text)
    USART6_IRQHandler                        0x080001b3   Thumb Code     0  startup_stm32f205xx.o(.text)
    WWDG_IRQHandler                          0x080001b3   Thumb Code     0  startup_stm32f205xx.o(.text)
    __aeabi_uldivmod                         0x080001bd   Thumb Code    98  uldiv.o(.text)
    rand                                     0x08000221   Thumb Code    20  rand.o(.text)
    srand                                    0x08000235   Thumb Code     6  rand.o(.text)
    __aeabi_memset                           0x08000245   Thumb Code    14  memseta.o(.text)
    __aeabi_memset4                          0x08000245   Thumb Code     0  memseta.o(.text)
    __aeabi_memset8                          0x08000245   Thumb Code     0  memseta.o(.text)
    __aeabi_memclr                           0x08000253   Thumb Code     4  memseta.o(.text)
    __aeabi_memclr4                          0x08000253   Thumb Code     0  memseta.o(.text)
    __aeabi_memclr8                          0x08000253   Thumb Code     0  memseta.o(.text)
    _memset$wrapper                          0x08000257   Thumb Code    18  memseta.o(.text)
    strlen                                   0x08000269   Thumb Code    14  strlen.o(.text)
    __aeabi_fadd                             0x08000277   Thumb Code   164  fadd.o(.text)
    __aeabi_fsub                             0x0800031b   Thumb Code     6  fadd.o(.text)
    __aeabi_frsub                            0x08000321   Thumb Code     6  fadd.o(.text)
    __aeabi_fmul                             0x08000327   Thumb Code   100  fmul.o(.text)
    __aeabi_fdiv                             0x0800038b   Thumb Code   124  fdiv.o(.text)
    __aeabi_dadd                             0x08000407   Thumb Code   322  dadd.o(.text)
    __aeabi_dsub                             0x08000549   Thumb Code     6  dadd.o(.text)
    __aeabi_drsub                            0x0800054f   Thumb Code     6  dadd.o(.text)
    __aeabi_dmul                             0x08000555   Thumb Code   228  dmul.o(.text)
    __aeabi_i2d                              0x08000639   Thumb Code    34  dflti.o(.text)
    __aeabi_ui2d                             0x0800065b   Thumb Code    26  dfltui.o(.text)
    __aeabi_f2uiz                            0x08000675   Thumb Code    40  ffixui.o(.text)
    __aeabi_d2iz                             0x0800069d   Thumb Code    62  dfixi.o(.text)
    __aeabi_d2uiz                            0x080006db   Thumb Code    50  dfixui.o(.text)
    __aeabi_f2d                              0x0800070d   Thumb Code    38  f2d.o(.text)
    __aeabi_d2f                              0x08000733   Thumb Code    56  d2f.o(.text)
    __aeabi_uidiv                            0x0800076b   Thumb Code     0  uidiv.o(.text)
    __aeabi_uidivmod                         0x0800076b   Thumb Code    44  uidiv.o(.text)
    __aeabi_llsl                             0x08000797   Thumb Code    30  llshl.o(.text)
    _ll_shift_l                              0x08000797   Thumb Code     0  llshl.o(.text)
    __aeabi_llsr                             0x080007b5   Thumb Code    32  llushr.o(.text)
    _ll_ushift_r                             0x080007b5   Thumb Code     0  llushr.o(.text)
    __aeabi_lasr                             0x080007d5   Thumb Code    36  llsshr.o(.text)
    _ll_sshift_r                             0x080007d5   Thumb Code     0  llsshr.o(.text)
    __I$use$fp                               0x080007f9   Thumb Code     0  iusefp.o(.text)
    _float_round                             0x080007f9   Thumb Code    18  fepilogue.o(.text)
    _float_epilogue                          0x0800080b   Thumb Code    92  fepilogue.o(.text)
    _double_round                            0x08000867   Thumb Code    30  depilogue.o(.text)
    _double_epilogue                         0x08000885   Thumb Code   156  depilogue.o(.text)
    __aeabi_ddiv                             0x08000921   Thumb Code   222  ddiv.o(.text)
    __scatterload                            0x08000a01   Thumb Code    28  init.o(.text)
    __scatterload_rt2                        0x08000a01   Thumb Code     0  init.o(.text)
    __ARM_scalbn                             0x08000a25   Thumb Code    46  dscalb.o(.text)
    scalbn                                   0x08000a25   Thumb Code     0  dscalb.o(.text)
    __decompress                             0x08000a53   Thumb Code     0  __dczerorl2.o(.text)
    __decompress1                            0x08000a53   Thumb Code    86  __dczerorl2.o(.text)
    ADC_data                                 0x08000c71   Thumb Code    32  application.o(i.ADC_data)
    ADC_measure                              0x08000cd1   Thumb Code   172  common.o(i.ADC_measure)
    ADC_update                               0x08000d85   Thumb Code   220  common.o(i.ADC_update)
    APP_Delay                                0x08000e6d   Thumb Code     4  common.o(i.APP_Delay)
    BUTTON_update                            0x08000e71   Thumb Code   356  common.o(i.BUTTON_update)
    BusFault_Handler                         0x08000fe1   Thumb Code     2  stm32f2xx_it.o(i.BusFault_Handler)
    COM1_checkdata                           0x08000fe5   Thumb Code   116  application.o(i.COM1_checkdata)
    Configure_TIMTimeBase                    0x08001071   Thumb Code   134  tim.o(i.Configure_TIMTimeBase)
    DMA2_Stream0_IRQHandler                  0x08001109   Thumb Code     6  stm32f2xx_it.o(i.DMA2_Stream0_IRQHandler)
    DebugMon_Handler                         0x080011b9   Thumb Code     2  stm32f2xx_it.o(i.DebugMon_Handler)
    DrawLCD_ADC_board                        0x080011bd   Thumb Code   312  draw.o(i.DrawLCD_ADC_board)
    DrawLCD_Bubble_area                      0x08001329   Thumb Code    62  draw.o(i.DrawLCD_Bubble_area)
    DrawLCD_Button                           0x08001369   Thumb Code   348  draw.o(i.DrawLCD_Button)
    DrawLCD_DemoSymbol                       0x08001509   Thumb Code   198  draw.o(i.DrawLCD_DemoSymbol)
    Error_Handler                            0x080015cf   Thumb Code     2  main.o(i.Error_Handler)
    HAL_ADC_ConfigChannel                    0x080015d1   Thumb Code   322  stm32f2xx_hal_adc.o(i.HAL_ADC_ConfigChannel)
    HAL_ADC_ConvCpltCallback                 0x08001721   Thumb Code     2  stm32f2xx_hal_adc.o(i.HAL_ADC_ConvCpltCallback)
    HAL_ADC_ConvHalfCpltCallback             0x08001723   Thumb Code     2  stm32f2xx_hal_adc.o(i.HAL_ADC_ConvHalfCpltCallback)
    HAL_ADC_ErrorCallback                    0x08001725   Thumb Code     2  stm32f2xx_hal_adc.o(i.HAL_ADC_ErrorCallback)
    HAL_ADC_Init                             0x08001727   Thumb Code    84  stm32f2xx_hal_adc.o(i.HAL_ADC_Init)
    HAL_ADC_MspInit                          0x0800177d   Thumb Code   162  adc.o(i.HAL_ADC_MspInit)
    HAL_ADC_Start_DMA                        0x08001839   Thumb Code   246  stm32f2xx_hal_adc.o(i.HAL_ADC_Start_DMA)
    HAL_DMA_Abort                            0x08001949   Thumb Code   146  stm32f2xx_hal_dma.o(i.HAL_DMA_Abort)
    HAL_DMA_Abort_IT                         0x080019db   Thumb Code    36  stm32f2xx_hal_dma.o(i.HAL_DMA_Abort_IT)
    HAL_DMA_IRQHandler                       0x08001a01   Thumb Code   412  stm32f2xx_hal_dma.o(i.HAL_DMA_IRQHandler)
    HAL_DMA_Init                             0x08001ba1   Thumb Code   206  stm32f2xx_hal_dma.o(i.HAL_DMA_Init)
    HAL_DMA_Start_IT                         0x08001c75   Thumb Code   110  stm32f2xx_hal_dma.o(i.HAL_DMA_Start_IT)
    HAL_Delay                                0x08001ce5   Thumb Code    32  stm32f2xx_hal.o(i.HAL_Delay)
    HAL_GPIO_Init                            0x08001d09   Thumb Code   598  stm32f2xx_hal_gpio.o(i.HAL_GPIO_Init)
    HAL_GPIO_ReadPin                         0x08001f91   Thumb Code    10  stm32f2xx_hal_gpio.o(i.HAL_GPIO_ReadPin)
    HAL_GPIO_WritePin                        0x08001f9b   Thumb Code    10  stm32f2xx_hal_gpio.o(i.HAL_GPIO_WritePin)
    HAL_GetTick                              0x08001fa5   Thumb Code     6  stm32f2xx_hal.o(i.HAL_GetTick)
    HAL_IncTick                              0x08001fb1   Thumb Code    12  stm32f2xx_hal.o(i.HAL_IncTick)
    HAL_Init                                 0x08001fc1   Thumb Code    48  stm32f2xx_hal.o(i.HAL_Init)
    HAL_InitTick                             0x08001ff5   Thumb Code    54  stm32f2xx_hal.o(i.HAL_InitTick)
    HAL_MspInit                              0x08002035   Thumb Code    42  stm32f2xx_hal_msp.o(i.HAL_MspInit)
    HAL_NVIC_EnableIRQ                       0x08002065   Thumb Code    26  stm32f2xx_hal_cortex.o(i.HAL_NVIC_EnableIRQ)
    HAL_NVIC_SetPriority                     0x08002081   Thumb Code    60  stm32f2xx_hal_cortex.o(i.HAL_NVIC_SetPriority)
    HAL_NVIC_SetPriorityGrouping             0x080020c1   Thumb Code    26  stm32f2xx_hal_cortex.o(i.HAL_NVIC_SetPriorityGrouping)
    HAL_RCC_ClockConfig                      0x080020e5   Thumb Code   296  stm32f2xx_hal_rcc.o(i.HAL_RCC_ClockConfig)
    HAL_RCC_GetPCLK1Freq                     0x08002221   Thumb Code    34  stm32f2xx_hal_rcc.o(i.HAL_RCC_GetPCLK1Freq)
    HAL_RCC_GetPCLK2Freq                     0x08002251   Thumb Code    34  stm32f2xx_hal_rcc.o(i.HAL_RCC_GetPCLK2Freq)
    HAL_RCC_GetSysClockFreq                  0x08002281   Thumb Code    88  stm32f2xx_hal_rcc.o(i.HAL_RCC_GetSysClockFreq)
    HAL_RCC_OscConfig                        0x080022e5   Thumb Code   800  stm32f2xx_hal_rcc.o(i.HAL_RCC_OscConfig)
    HAL_SYSTICK_Config                       0x0800261d   Thumb Code    40  stm32f2xx_hal_cortex.o(i.HAL_SYSTICK_Config)
    HAL_UARTEx_RxEventCallback               0x08002645   Thumb Code     2  stm32f2xx_hal_uart.o(i.HAL_UARTEx_RxEventCallback)
    HAL_UART_ErrorCallback                   0x08002647   Thumb Code     2  stm32f2xx_hal_uart.o(i.HAL_UART_ErrorCallback)
    HAL_UART_IRQHandler                      0x08002649   Thumb Code   522  stm32f2xx_hal_uart.o(i.HAL_UART_IRQHandler)
    HAL_UART_Init                            0x08002859   Thumb Code    98  stm32f2xx_hal_uart.o(i.HAL_UART_Init)
    HAL_UART_MspInit                         0x080028bd   Thumb Code   186  usart.o(i.HAL_UART_MspInit)
    HAL_UART_RxCpltCallback                  0x0800298d   Thumb Code     2  stm32f2xx_hal_uart.o(i.HAL_UART_RxCpltCallback)
    HAL_UART_Transmit                        0x08002991   Thumb Code   178  stm32f2xx_hal_uart.o(i.HAL_UART_Transmit)
    HAL_UART_TxCpltCallback                  0x08002a43   Thumb Code     2  stm32f2xx_hal_uart.o(i.HAL_UART_TxCpltCallback)
    HC595_Enable                             0x08002a45   Thumb Code    10  74hc595.o(i.HC595_Enable)
    HC595_Init                               0x08002a55   Thumb Code    96  74hc595.o(i.HC595_Init)
    HC595_OutData                            0x08002abd   Thumb Code    28  74hc595.o(i.HC595_OutData)
    HC595_WriteDataBit                       0x08002add   Thumb Code    44  74hc595.o(i.HC595_WriteDataBit)
    HC595_WriteDataByte                      0x08002b0d   Thumb Code    30  74hc595.o(i.HC595_WriteDataByte)
    HardFault_Handler                        0x08002b2b   Thumb Code     2  stm32f2xx_it.o(i.HardFault_Handler)
    LCD_DATA_Send16                          0x08002b2d   Thumb Code   134  tft_glcd.o(i.LCD_DATA_Send16)
    LCD_Enable                               0x08002bb9   Thumb Code    10  tft_glcd.o(i.LCD_Enable)
    LCD_GPIO_Init                            0x08002bc9   Thumb Code   190  tft_glcd.o(i.LCD_GPIO_Init)
    LCD_Reset                                0x08002c95   Thumb Code    50  tft_glcd.o(i.LCD_Reset)
    LCD_WR_DATA                              0x08002ccd   Thumb Code    22  tft_glcd.o(i.LCD_WR_DATA)
    LCD_Write_COM                            0x08002ce9   Thumb Code    24  tft_glcd.o(i.LCD_Write_COM)
    LCD_Write_DATA                           0x08002d05   Thumb Code    26  tft_glcd.o(i.LCD_Write_DATA)
    Lcd_Init                                 0x08002d25   Thumb Code   526  tft_glcd.o(i.Lcd_Init)
    MX_ADC1_Init                             0x08002f35   Thumb Code   210  adc.o(i.MX_ADC1_Init)
    MX_DMA_Init                              0x08003019   Thumb Code    40  dma.o(i.MX_DMA_Init)
    MX_GPIO_Init                             0x08003045   Thumb Code   204  gpio.o(i.MX_GPIO_Init)
    MX_USART1_UART_Init                      0x08003125   Thumb Code    48  usart.o(i.MX_USART1_UART_Init)
    MX_USART3_UART_Init                      0x0800315d   Thumb Code    48  usart.o(i.MX_USART3_UART_Init)
    MemManage_Handler                        0x08003195   Thumb Code     2  stm32f2xx_it.o(i.MemManage_Handler)
    NMI_Handler                              0x08003197   Thumb Code     2  stm32f2xx_it.o(i.NMI_Handler)
    PendSV_Handler                           0x08003199   Thumb Code     2  stm32f2xx_it.o(i.PendSV_Handler)
    Relay_Control                            0x0800319b   Thumb Code   250  relay.o(i.Relay_Control)
    Relay_Init                               0x08003295   Thumb Code    30  relay.o(i.Relay_Init)
    Relay_RowConvert                         0x080032b3   Thumb Code    48  relay.o(i.Relay_RowConvert)
    SVC_Handler                              0x080032e3   Thumb Code     2  stm32f2xx_it.o(i.SVC_Handler)
    SimpleKalmanFilter                       0x080032e5   Thumb Code     8  simplekalmanfilter.o(i.SimpleKalmanFilter)
    SimpleKalmanFilter_2                     0x080032f1   Thumb Code     8  simplekalmanfilter.o(i.SimpleKalmanFilter_2)
    SimpleKalmanFilter_3                     0x080032fd   Thumb Code     8  simplekalmanfilter.o(i.SimpleKalmanFilter_3)
    SimpleKalmanFilter_4                     0x08003309   Thumb Code     8  simplekalmanfilter.o(i.SimpleKalmanFilter_4)
    SimpleKalmanFilter_5                     0x08003315   Thumb Code     8  simplekalmanfilter.o(i.SimpleKalmanFilter_5)
    SimpleKalmanFilter_6                     0x08003321   Thumb Code    14  simplekalmanfilter.o(i.SimpleKalmanFilter_6)
    SysTick_Handler                          0x08003335   Thumb Code     4  stm32f2xx_it.o(i.SysTick_Handler)
    SystemClock_Config                       0x08003339   Thumb Code    86  main.o(i.SystemClock_Config)
    SystemInit                               0x0800338f   Thumb Code     2  system_stm32f2xx.o(i.SystemInit)
    TIM2_IRQHandler                          0x08003391   Thumb Code    22  stm32f2xx_it.o(i.TIM2_IRQHandler)
    TimerUpdate_Callback                     0x080033a9   Thumb Code    86  common.o(i.TimerUpdate_Callback)
    UART1_CharReception_Callback             0x08003409   Thumb Code    76  common.o(i.UART1_CharReception_Callback)
    UART1_Error_Callback                     0x08003461   Thumb Code    16  common.o(i.UART1_Error_Callback)
    UART1_GetDataByte                        0x08003475   Thumb Code    52  common.o(i.UART1_GetDataByte)
    UART3_CharReception_Callback             0x080034ad   Thumb Code    76  common.o(i.UART3_CharReception_Callback)
    UART3_Error_Callback                     0x08003505   Thumb Code    16  common.o(i.UART3_Error_Callback)
    UART3_GetDataByte                        0x08003519   Thumb Code    52  common.o(i.UART3_GetDataByte)
    USART1_IRQHandler                        0x080037d1   Thumb Code    16  stm32f2xx_it.o(i.USART1_IRQHandler)
    USART3_IRQHandler                        0x080037e5   Thumb Code    16  stm32f2xx_it.o(i.USART3_IRQHandler)
    USART_InterruptInit                      0x080037f9   Thumb Code    38  common.o(i.USART_InterruptInit)
    UpdateLCD_ADC_value                      0x08003829   Thumb Code   370  draw.o(i.UpdateLCD_ADC_value)
    UpdateLCD_Bubbles                        0x080039a9   Thumb Code   206  draw.o(i.UpdateLCD_Bubbles)
    UpdateLCD_Button                         0x08003a7d   Thumb Code   350  draw.o(i.UpdateLCD_Button)
    UsageFault_Handler                       0x08003c21   Thumb Code     2  stm32f2xx_it.o(i.UsageFault_Handler)
    __0printf$1                              0x08003c25   Thumb Code    22  printf1.o(i.__0printf$1)
    __1printf$1                              0x08003c25   Thumb Code     0  printf1.o(i.__0printf$1)
    __2printf                                0x08003c25   Thumb Code     0  printf1.o(i.__0printf$1)
    __0sprintf$1                             0x08003c45   Thumb Code    34  printf1.o(i.__0sprintf$1)
    __1sprintf$1                             0x08003c45   Thumb Code     0  printf1.o(i.__0sprintf$1)
    __2sprintf                               0x08003c45   Thumb Code     0  printf1.o(i.__0sprintf$1)
    __ARM_fpclassify                         0x08003c6d   Thumb Code    40  fpclassify.o(i.__ARM_fpclassify)
    __ieee754_rem_pio2                       0x08003cd9   Thumb Code   828  rred.o(i.__ieee754_rem_pio2)
    __kernel_cos                             0x08004061   Thumb Code   230  cos_i.o(i.__kernel_cos)
    __kernel_poly                            0x0800415d   Thumb Code   170  poly.o(i.__kernel_poly)
    __kernel_sin                             0x08004209   Thumb Code   224  sin_i.o(i.__kernel_sin)
    __mathlib_dbl_infnan                     0x080042f5   Thumb Code     6  dunder.o(i.__mathlib_dbl_infnan)
    __mathlib_dbl_invalid                    0x080042fb   Thumb Code    12  dunder.o(i.__mathlib_dbl_invalid)
    __mathlib_dbl_underflow                  0x08004309   Thumb Code    10  dunder.o(i.__mathlib_dbl_underflow)
    __scatterload_copy                       0x08004319   Thumb Code    14  handlers.o(i.__scatterload_copy)
    __scatterload_null                       0x08004327   Thumb Code     2  handlers.o(i.__scatterload_null)
    __scatterload_zeroinit                   0x08004329   Thumb Code    14  handlers.o(i.__scatterload_zeroinit)
    __set_errno                              0x08004339   Thumb Code     6  errno.o(i.__set_errno)
    clrXY                                    0x080044a5   Thumb Code    26  tft_glcd.o(i.clrXY)
    cos                                      0x080044c5   Thumb Code   148  cos.o(i.cos)
    fputc                                    0x08004561   Thumb Code    20  common.o(i.fputc)
    lcd_draw_Hline                           0x08004579   Thumb Code    62  tft_glcd.o(i.lcd_draw_Hline)
    lcd_draw_Vline                           0x080045c1   Thumb Code    86  tft_glcd.o(i.lcd_draw_Vline)
    lcd_draw_circle_fill                     0x08004621   Thumb Code    84  tft_glcd.o(i.lcd_draw_circle_fill)
    lcd_draw_circle_outline                  0x08004675   Thumb Code   340  tft_glcd.o(i.lcd_draw_circle_outline)
    lcd_draw_enter_fill                      0x080047d1   Thumb Code   172  tft_glcd.o(i.lcd_draw_enter_fill)
    lcd_draw_exit_fill                       0x08004885   Thumb Code    96  tft_glcd.o(i.lcd_draw_exit_fill)
    lcd_draw_line                            0x080048e5   Thumb Code   202  tft_glcd.o(i.lcd_draw_line)
    lcd_draw_power_fill                      0x080049b9   Thumb Code    94  tft_glcd.o(i.lcd_draw_power_fill)
    lcd_draw_return_fill                     0x08004a19   Thumb Code   250  tft_glcd.o(i.lcd_draw_return_fill)
    lcd_draw_square_fill                     0x08004b1d   Thumb Code    40  tft_glcd.o(i.lcd_draw_square_fill)
    lcd_draw_square_outline                  0x08004b45   Thumb Code    70  tft_glcd.o(i.lcd_draw_square_outline)
    lcd_draw_triangle_fill                   0x08004b8d   Thumb Code   410  tft_glcd.o(i.lcd_draw_triangle_fill)
    lcd_print_text                           0x08004d31   Thumb Code   154  tft_glcd.o(i.lcd_print_text)
    lcd_screen_fill                          0x08004dd1   Thumb Code   108  tft_glcd.o(i.lcd_screen_fill)
    lcd_set_color16bit                       0x08004e45   Thumb Code    10  tft_glcd.o(i.lcd_set_color16bit)
    lcd_set_colorRGB                         0x08004e55   Thumb Code    26  tft_glcd.o(i.lcd_set_colorRGB)
    lcd_set_pixel                            0x08004e75   Thumb Code    10  tft_glcd.o(i.lcd_set_pixel)
    main                                     0x08004e81   Thumb Code   242  main.o(i.main)
    printChar                                0x08004f95   Thumb Code   330  tft_glcd.o(i.printChar)
    rotateChar                               0x080050e9   Thumb Code   414  tft_glcd.o(i.rotateChar)
    setFont                                  0x08005299   Thumb Code    22  tft_glcd.o(i.setFont)
    setXY                                    0x080052b5   Thumb Code   102  tft_glcd.o(i.setXY)
    sin                                      0x08005321   Thumb Code   150  sin.o(i.sin)
    updateEstimate                           0x080053c1   Thumb Code   148  simplekalmanfilter.o(i.updateEstimate)
    updateEstimate_2                         0x0800545d   Thumb Code   148  simplekalmanfilter.o(i.updateEstimate_2)
    updateEstimate_3                         0x080054f9   Thumb Code   148  simplekalmanfilter.o(i.updateEstimate_3)
    updateEstimate_4                         0x08005595   Thumb Code   148  simplekalmanfilter.o(i.updateEstimate_4)
    updateEstimate_5                         0x08005631   Thumb Code   148  simplekalmanfilter.o(i.updateEstimate_5)
    updateEstimate_6                         0x080056cd   Thumb Code   152  simplekalmanfilter.o(i.updateEstimate_6)
    AHBPrescTable                            0x08005774   Data          16  system_stm32f2xx.o(.constdata)
    APBPrescTable                            0x08005784   Data           8  system_stm32f2xx.o(.constdata)
    Region$$Table$$Base                      0x080058b0   Number         0  anon$$obj.o(Region$$Table)
    Region$$Table$$Limit                     0x080058d0   Number         0  anon$$obj.o(Region$$Table)
    adc_samplecount                          0x20000000   Data           1  common.o(.data)
    adc_sampledone                           0x20000001   Data           1  common.o(.data)
    com1_data_ready                          0x20000002   Data           1  common.o(.data)
    com2_data_ready                          0x20000003   Data           1  common.o(.data)
    com1_buff_cnt                            0x20000004   Data           1  common.o(.data)
    com2_buff_cnt                            0x20000005   Data           1  common.o(.data)
    com1_data_check                          0x20000006   Data           1  common.o(.data)
    com2_data_check                          0x20000007   Data           1  common.o(.data)
    Button_1_cnt                             0x20000008   Data           1  common.o(.data)
    Button_2_cnt                             0x20000009   Data           1  common.o(.data)
    Button_3_cnt                             0x2000000a   Data           1  common.o(.data)
    Button_4_cnt                             0x2000000b   Data           1  common.o(.data)
    Button_5_cnt                             0x2000000c   Data           1  common.o(.data)
    Button_6_cnt                             0x2000000d   Data           1  common.o(.data)
    Button_7_cnt                             0x2000000e   Data           1  common.o(.data)
    Button_8_cnt                             0x2000000f   Data           1  common.o(.data)
    Button_1                                 0x20000010   Data           1  common.o(.data)
    Button_2                                 0x20000011   Data           1  common.o(.data)
    Button_3                                 0x20000012   Data           1  common.o(.data)
    Button_4                                 0x20000013   Data           1  common.o(.data)
    Button_5                                 0x20000014   Data           1  common.o(.data)
    Button_6                                 0x20000015   Data           1  common.o(.data)
    Button_7                                 0x20000016   Data           1  common.o(.data)
    Button_8                                 0x20000017   Data           1  common.o(.data)
    time                                     0x20000018   Data           4  common.o(.data)
    Button_1_last                            0x2000001c   Data           1  common.o(.data)
    Button_2_last                            0x2000001d   Data           1  common.o(.data)
    Button_3_last                            0x2000001e   Data           1  common.o(.data)
    Button_4_last                            0x2000001f   Data           1  common.o(.data)
    Button_5_last                            0x20000020   Data           1  common.o(.data)
    Button_6_last                            0x20000021   Data           1  common.o(.data)
    Button_7_last                            0x20000022   Data           1  common.o(.data)
    Button_8_last                            0x20000023   Data           1  common.o(.data)
    time_send_data                           0x20000024   Data           2  main.o(.data)
    _err_measure                             0x20000030   Data           4  simplekalmanfilter.o(.data)
    _err_estimate                            0x20000034   Data           4  simplekalmanfilter.o(.data)
    _q                                       0x20000038   Data           4  simplekalmanfilter.o(.data)
    _current_estimate                        0x2000003c   Data           4  simplekalmanfilter.o(.data)
    _last_estimate                           0x20000040   Data           4  simplekalmanfilter.o(.data)
    _kalman_gain                             0x20000044   Data           4  simplekalmanfilter.o(.data)
    _err_measure_2                           0x20000048   Data           4  simplekalmanfilter.o(.data)
    _err_estimate_2                          0x2000004c   Data           4  simplekalmanfilter.o(.data)
    _q_2                                     0x20000050   Data           4  simplekalmanfilter.o(.data)
    _current_estimate_2                      0x20000054   Data           4  simplekalmanfilter.o(.data)
    _last_estimate_2                         0x20000058   Data           4  simplekalmanfilter.o(.data)
    _kalman_gain_2                           0x2000005c   Data           4  simplekalmanfilter.o(.data)
    _err_measure_3                           0x20000060   Data           4  simplekalmanfilter.o(.data)
    _err_estimate_3                          0x20000064   Data           4  simplekalmanfilter.o(.data)
    _q_3                                     0x20000068   Data           4  simplekalmanfilter.o(.data)
    _current_estimate_3                      0x2000006c   Data           4  simplekalmanfilter.o(.data)
    _last_estimate_3                         0x20000070   Data           4  simplekalmanfilter.o(.data)
    _kalman_gain_3                           0x20000074   Data           4  simplekalmanfilter.o(.data)
    _err_measure_4                           0x20000078   Data           4  simplekalmanfilter.o(.data)
    _err_estimate_4                          0x2000007c   Data           4  simplekalmanfilter.o(.data)
    _q_4                                     0x20000080   Data           4  simplekalmanfilter.o(.data)
    _current_estimate_4                      0x20000084   Data           4  simplekalmanfilter.o(.data)
    _last_estimate_4                         0x20000088   Data           4  simplekalmanfilter.o(.data)
    _kalman_gain_4                           0x2000008c   Data           4  simplekalmanfilter.o(.data)
    _err_measure_5                           0x20000090   Data           4  simplekalmanfilter.o(.data)
    _err_estimate_5                          0x20000094   Data           4  simplekalmanfilter.o(.data)
    _q_5                                     0x20000098   Data           4  simplekalmanfilter.o(.data)
    _current_estimate_5                      0x2000009c   Data           4  simplekalmanfilter.o(.data)
    _last_estimate_5                         0x200000a0   Data           4  simplekalmanfilter.o(.data)
    _kalman_gain_5                           0x200000a4   Data           4  simplekalmanfilter.o(.data)
    _err_measure_6                           0x200000a8   Data           4  simplekalmanfilter.o(.data)
    _err_estimate_6                          0x200000ac   Data           4  simplekalmanfilter.o(.data)
    _q_6                                     0x200000b0   Data           4  simplekalmanfilter.o(.data)
    _current_estimate_6                      0x200000b4   Data           4  simplekalmanfilter.o(.data)
    _last_estimate_6                         0x200000b8   Data           4  simplekalmanfilter.o(.data)
    _kalman_gain_6                           0x200000bc   Data           4  simplekalmanfilter.o(.data)
    TinyFont                                 0x200000c0   Data         764  tft_glcd.o(.data)
    orient                                   0x200003bc   Data           1  tft_glcd.o(.data)
    fch                                      0x200003bd   Data           1  tft_glcd.o(.data)
    fcl                                      0x200003be   Data           1  tft_glcd.o(.data)
    bch                                      0x200003bf   Data           1  tft_glcd.o(.data)
    bcl                                      0x200003c0   Data           1  tft_glcd.o(.data)
    display_transfer_mode                    0x200003c1   Data           1  tft_glcd.o(.data)
    transparent                              0x200003c2   Data           1  tft_glcd.o(.data)
    disp_x_size                              0x200003c4   Data           4  tft_glcd.o(.data)
    disp_y_size                              0x200003c8   Data           4  tft_glcd.o(.data)
    cfont                                    0x200003cc   Data           8  tft_glcd.o(.data)
    button_r                                 0x200003d4   Data           1  draw.o(.data)
    text1_x                                  0x200003d8   Data           4  draw.o(.data)
    text1_y                                  0x200003dc   Data           4  draw.o(.data)
    text2_x                                  0x200003e0   Data           4  draw.o(.data)
    text2_y                                  0x200003e4   Data           4  draw.o(.data)
    text3_x                                  0x200003e8   Data           4  draw.o(.data)
    text3_y                                  0x200003ec   Data           4  draw.o(.data)
    text4_x                                  0x200003f0   Data           4  draw.o(.data)
    text4_y                                  0x200003f4   Data           4  draw.o(.data)
    text5_x                                  0x200003f8   Data           4  draw.o(.data)
    text5_y                                  0x200003fc   Data           4  draw.o(.data)
    text6_x                                  0x20000400   Data           4  draw.o(.data)
    text6_y                                  0x20000404   Data           4  draw.o(.data)
    bubble_x                                 0x20000408   Data           4  draw.o(.data)
    bubble_y                                 0x2000040c   Data           4  draw.o(.data)
    bubble_x2                                0x20000410   Data           4  draw.o(.data)
    bubble_y2                                0x20000414   Data           4  draw.o(.data)
    bubble_x3                                0x20000418   Data           4  draw.o(.data)
    bubble_y3                                0x2000041c   Data           4  draw.o(.data)
    button1_x                                0x20000420   Data           4  draw.o(.data)
    button1_y                                0x20000424   Data           4  draw.o(.data)
    button2_x                                0x20000428   Data           4  draw.o(.data)
    button2_y                                0x2000042c   Data           4  draw.o(.data)
    button3_x                                0x20000430   Data           4  draw.o(.data)
    button3_y                                0x20000434   Data           4  draw.o(.data)
    button4_x                                0x20000438   Data           4  draw.o(.data)
    button4_y                                0x2000043c   Data           4  draw.o(.data)
    button5_x                                0x20000440   Data           4  draw.o(.data)
    button5_y                                0x20000444   Data           4  draw.o(.data)
    button6_x                                0x20000448   Data           4  draw.o(.data)
    button6_y                                0x2000044c   Data           4  draw.o(.data)
    button7_x                                0x20000450   Data           4  draw.o(.data)
    button7_y                                0x20000454   Data           4  draw.o(.data)
    button8_x                                0x20000458   Data           4  draw.o(.data)
    button8_y                                0x2000045c   Data           4  draw.o(.data)
    buff1                                    0x20000460   Data          40  draw.o(.data)
    buff2                                    0x20000488   Data          40  draw.o(.data)
    buff3                                    0x200004b0   Data          40  draw.o(.data)
    buff4                                    0x200004d8   Data          40  draw.o(.data)
    buff5                                    0x20000500   Data          40  draw.o(.data)
    buff6                                    0x20000528   Data          40  draw.o(.data)
    uwTickFreq                               0x20000550   Data           1  stm32f2xx_hal.o(.data)
    uwTickPrio                               0x20000554   Data           4  stm32f2xx_hal.o(.data)
    uwTick                                   0x20000558   Data           4  stm32f2xx_hal.o(.data)
    SystemCoreClock                          0x2000055c   Data           4  system_stm32f2xx.o(.data)
    __stdout                                 0x20000564   Data           4  stdout.o(.data)
    adcBuffer                                0x2000056c   Data          12  common.o(.bss)
    adc1_buffer                              0x20000578   Data          60  common.o(.bss)
    adc2_buffer                              0x200005b4   Data          60  common.o(.bss)
    adc3_buffer                              0x200005f0   Data          60  common.o(.bss)
    adc4_buffer                              0x2000062c   Data          60  common.o(.bss)
    adc5_buffer                              0x20000668   Data          60  common.o(.bss)
    adc6_buffer                              0x200006a4   Data          60  common.o(.bss)
    ADC_RES                                  0x200006e0   Data          12  common.o(.bss)
    com1_buff                                0x200006ec   Data         200  common.o(.bss)
    com2_buff                                0x200007b4   Data         200  common.o(.bss)
    hadc1                                    0x2000087c   Data          72  adc.o(.bss)
    hdma_adc1                                0x200008c4   Data          96  adc.o(.bss)
    huart1                                   0x20000924   Data          68  usart.o(.bss)
    huart3                                   0x20000968   Data          68  usart.o(.bss)
    __initial_sp                             0x20000db0   Data           0  startup_stm32f205xx.o(STACK)



==============================================================================

Memory Map of the image

  Image Entry point : 0x08000185

  Load Region LR_IROM1 (Base: 0x08000000, Size: 0x00005e3c, Max: 0x00080000, ABSOLUTE, COMPRESSED[0x00005b14])

    Execution Region ER_IROM1 (Exec base: 0x08000000, Load base: 0x08000000, Size: 0x000058d0, Max: 0x00080000, ABSOLUTE)

    Exec Addr    Load Addr    Size         Type   Attr      Idx    E Section Name        Object

    0x08000000   0x08000000   0x00000184   Data   RO            3    RESET               startup_stm32f205xx.o
    0x08000184   0x08000184   0x00000000   Code   RO         3985  * .ARM.Collect$$$$00000000  mc_w.l(entry.o)
    0x08000184   0x08000184   0x00000004   Code   RO         4314    .ARM.Collect$$$$00000001  mc_w.l(entry2.o)
    0x08000188   0x08000188   0x00000004   Code   RO         4317    .ARM.Collect$$$$00000004  mc_w.l(entry5.o)
    0x0800018c   0x0800018c   0x00000000   Code   RO         4319    .ARM.Collect$$$$00000008  mc_w.l(entry7b.o)
    0x0800018c   0x0800018c   0x00000000   Code   RO         4321    .ARM.Collect$$$$0000000A  mc_w.l(entry8b.o)
    0x0800018c   0x0800018c   0x00000008   Code   RO         4322    .ARM.Collect$$$$0000000B  mc_w.l(entry9a.o)
    0x08000194   0x08000194   0x00000000   Code   RO         4324    .ARM.Collect$$$$0000000D  mc_w.l(entry10a.o)
    0x08000194   0x08000194   0x00000000   Code   RO         4326    .ARM.Collect$$$$0000000F  mc_w.l(entry11a.o)
    0x08000194   0x08000194   0x00000004   Code   RO         4315    .ARM.Collect$$$$00002712  mc_w.l(entry2.o)
    0x08000198   0x08000198   0x00000024   Code   RO            4    .text               startup_stm32f205xx.o
    0x080001bc   0x080001bc   0x00000062   Code   RO         3988    .text               mc_w.l(uldiv.o)
    0x0800021e   0x0800021e   0x00000002   PAD
    0x08000220   0x08000220   0x00000024   Code   RO         3990    .text               mc_w.l(rand.o)
    0x08000244   0x08000244   0x00000024   Code   RO         3995    .text               mc_w.l(memseta.o)
    0x08000268   0x08000268   0x0000000e   Code   RO         3997    .text               mc_w.l(strlen.o)
    0x08000276   0x08000276   0x000000b0   Code   RO         4262    .text               mf_w.l(fadd.o)
    0x08000326   0x08000326   0x00000064   Code   RO         4264    .text               mf_w.l(fmul.o)
    0x0800038a   0x0800038a   0x0000007c   Code   RO         4266    .text               mf_w.l(fdiv.o)
    0x08000406   0x08000406   0x0000014e   Code   RO         4268    .text               mf_w.l(dadd.o)
    0x08000554   0x08000554   0x000000e4   Code   RO         4270    .text               mf_w.l(dmul.o)
    0x08000638   0x08000638   0x00000022   Code   RO         4272    .text               mf_w.l(dflti.o)
    0x0800065a   0x0800065a   0x0000001a   Code   RO         4274    .text               mf_w.l(dfltui.o)
    0x08000674   0x08000674   0x00000028   Code   RO         4276    .text               mf_w.l(ffixui.o)
    0x0800069c   0x0800069c   0x0000003e   Code   RO         4278    .text               mf_w.l(dfixi.o)
    0x080006da   0x080006da   0x00000032   Code   RO         4280    .text               mf_w.l(dfixui.o)
    0x0800070c   0x0800070c   0x00000026   Code   RO         4282    .text               mf_w.l(f2d.o)
    0x08000732   0x08000732   0x00000038   Code   RO         4284    .text               mf_w.l(d2f.o)
    0x0800076a   0x0800076a   0x0000002c   Code   RO         4329    .text               mc_w.l(uidiv.o)
    0x08000796   0x08000796   0x0000001e   Code   RO         4331    .text               mc_w.l(llshl.o)
    0x080007b4   0x080007b4   0x00000020   Code   RO         4333    .text               mc_w.l(llushr.o)
    0x080007d4   0x080007d4   0x00000024   Code   RO         4335    .text               mc_w.l(llsshr.o)
    0x080007f8   0x080007f8   0x00000000   Code   RO         4344    .text               mc_w.l(iusefp.o)
    0x080007f8   0x080007f8   0x0000006e   Code   RO         4345    .text               mf_w.l(fepilogue.o)
    0x08000866   0x08000866   0x000000ba   Code   RO         4347    .text               mf_w.l(depilogue.o)
    0x08000920   0x08000920   0x000000de   Code   RO         4349    .text               mf_w.l(ddiv.o)
    0x080009fe   0x080009fe   0x00000002   PAD
    0x08000a00   0x08000a00   0x00000024   Code   RO         4359    .text               mc_w.l(init.o)
    0x08000a24   0x08000a24   0x0000002e   Code   RO         4361    .text               mf_w.l(dscalb.o)
    0x08000a52   0x08000a52   0x00000056   Code   RO         4371    .text               mc_w.l(__dczerorl2.o)
    0x08000aa8   0x08000aa8   0x0000006e   Code   RO         1239    i.ADC_DMAConvCplt   stm32f2xx_hal_adc.o
    0x08000b16   0x08000b16   0x00000016   Code   RO         1240    i.ADC_DMAError      stm32f2xx_hal_adc.o
    0x08000b2c   0x08000b2c   0x0000000a   Code   RO         1241    i.ADC_DMAHalfConvCplt  stm32f2xx_hal_adc.o
    0x08000b36   0x08000b36   0x00000002   PAD
    0x08000b38   0x08000b38   0x00000138   Code   RO         1242    i.ADC_Init          stm32f2xx_hal_adc.o
    0x08000c70   0x08000c70   0x00000060   Code   RO          890    i.ADC_data          application.o
    0x08000cd0   0x08000cd0   0x000000b4   Code   RO           13    i.ADC_measure       common.o
    0x08000d84   0x08000d84   0x000000e8   Code   RO           14    i.ADC_update        common.o
    0x08000e6c   0x08000e6c   0x00000004   Code   RO           15    i.APP_Delay         common.o
    0x08000e70   0x08000e70   0x00000170   Code   RO           16    i.BUTTON_update     common.o
    0x08000fe0   0x08000fe0   0x00000002   Code   RO          624    i.BusFault_Handler  stm32f2xx_it.o
    0x08000fe2   0x08000fe2   0x00000002   PAD
    0x08000fe4   0x08000fe4   0x0000008c   Code   RO          891    i.COM1_checkdata    application.o
    0x08001070   0x08001070   0x00000098   Code   RO          520    i.Configure_TIMTimeBase  tim.o
    0x08001108   0x08001108   0x0000000c   Code   RO          625    i.DMA2_Stream0_IRQHandler  stm32f2xx_it.o
    0x08001114   0x08001114   0x00000028   Code   RO         2385    i.DMA_CalcBaseAndBitshift  stm32f2xx_hal_dma.o
    0x0800113c   0x0800113c   0x00000054   Code   RO         2386    i.DMA_CheckFifoParam  stm32f2xx_hal_dma.o
    0x08001190   0x08001190   0x00000028   Code   RO         2387    i.DMA_SetConfig     stm32f2xx_hal_dma.o
    0x080011b8   0x080011b8   0x00000002   Code   RO          626    i.DebugMon_Handler  stm32f2xx_it.o
    0x080011ba   0x080011ba   0x00000002   PAD
    0x080011bc   0x080011bc   0x0000016c   Code   RO         1174    i.DrawLCD_ADC_board  draw.o
    0x08001328   0x08001328   0x0000003e   Code   RO         1175    i.DrawLCD_Bubble_area  draw.o
    0x08001366   0x08001366   0x00000002   PAD
    0x08001368   0x08001368   0x000001a0   Code   RO         1176    i.DrawLCD_Button    draw.o
    0x08001508   0x08001508   0x000000c6   Code   RO         1177    i.DrawLCD_DemoSymbol  draw.o
    0x080015ce   0x080015ce   0x00000002   Code   RO          359    i.Error_Handler     main.o
    0x080015d0   0x080015d0   0x00000150   Code   RO         1244    i.HAL_ADC_ConfigChannel  stm32f2xx_hal_adc.o
    0x08001720   0x08001720   0x00000002   Code   RO         1245    i.HAL_ADC_ConvCpltCallback  stm32f2xx_hal_adc.o
    0x08001722   0x08001722   0x00000002   Code   RO         1246    i.HAL_ADC_ConvHalfCpltCallback  stm32f2xx_hal_adc.o
    0x08001724   0x08001724   0x00000002   Code   RO         1248    i.HAL_ADC_ErrorCallback  stm32f2xx_hal_adc.o
    0x08001726   0x08001726   0x00000054   Code   RO         1253    i.HAL_ADC_Init      stm32f2xx_hal_adc.o
    0x0800177a   0x0800177a   0x00000002   PAD
    0x0800177c   0x0800177c   0x000000bc   Code   RO          451    i.HAL_ADC_MspInit   adc.o
    0x08001838   0x08001838   0x00000110   Code   RO         1260    i.HAL_ADC_Start_DMA  stm32f2xx_hal_adc.o
    0x08001948   0x08001948   0x00000092   Code   RO         2388    i.HAL_DMA_Abort     stm32f2xx_hal_dma.o
    0x080019da   0x080019da   0x00000024   Code   RO         2389    i.HAL_DMA_Abort_IT  stm32f2xx_hal_dma.o
    0x080019fe   0x080019fe   0x00000002   PAD
    0x08001a00   0x08001a00   0x000001a0   Code   RO         2393    i.HAL_DMA_IRQHandler  stm32f2xx_hal_dma.o
    0x08001ba0   0x08001ba0   0x000000d4   Code   RO         2394    i.HAL_DMA_Init      stm32f2xx_hal_dma.o
    0x08001c74   0x08001c74   0x0000006e   Code   RO         2398    i.HAL_DMA_Start_IT  stm32f2xx_hal_dma.o
    0x08001ce2   0x08001ce2   0x00000002   PAD
    0x08001ce4   0x08001ce4   0x00000024   Code   RO         1521    i.HAL_Delay         stm32f2xx_hal.o
    0x08001d08   0x08001d08   0x00000288   Code   RO         2322    i.HAL_GPIO_Init     stm32f2xx_hal_gpio.o
    0x08001f90   0x08001f90   0x0000000a   Code   RO         2324    i.HAL_GPIO_ReadPin  stm32f2xx_hal_gpio.o
    0x08001f9a   0x08001f9a   0x0000000a   Code   RO         2326    i.HAL_GPIO_WritePin  stm32f2xx_hal_gpio.o
    0x08001fa4   0x08001fa4   0x0000000c   Code   RO         1527    i.HAL_GetTick       stm32f2xx_hal.o
    0x08001fb0   0x08001fb0   0x00000010   Code   RO         1533    i.HAL_IncTick       stm32f2xx_hal.o
    0x08001fc0   0x08001fc0   0x00000034   Code   RO         1534    i.HAL_Init          stm32f2xx_hal.o
    0x08001ff4   0x08001ff4   0x00000040   Code   RO         1535    i.HAL_InitTick      stm32f2xx_hal.o
    0x08002034   0x08002034   0x00000030   Code   RO          727    i.HAL_MspInit       stm32f2xx_hal_msp.o
    0x08002064   0x08002064   0x0000001a   Code   RO         1849    i.HAL_NVIC_EnableIRQ  stm32f2xx_hal_cortex.o
    0x0800207e   0x0800207e   0x00000002   PAD
    0x08002080   0x08002080   0x00000040   Code   RO         1855    i.HAL_NVIC_SetPriority  stm32f2xx_hal_cortex.o
    0x080020c0   0x080020c0   0x00000024   Code   RO         1856    i.HAL_NVIC_SetPriorityGrouping  stm32f2xx_hal_cortex.o
    0x080020e4   0x080020e4   0x0000013c   Code   RO         1701    i.HAL_RCC_ClockConfig  stm32f2xx_hal_rcc.o
    0x08002220   0x08002220   0x00000030   Code   RO         1708    i.HAL_RCC_GetPCLK1Freq  stm32f2xx_hal_rcc.o
    0x08002250   0x08002250   0x00000030   Code   RO         1709    i.HAL_RCC_GetPCLK2Freq  stm32f2xx_hal_rcc.o
    0x08002280   0x08002280   0x00000064   Code   RO         1710    i.HAL_RCC_GetSysClockFreq  stm32f2xx_hal_rcc.o
    0x080022e4   0x080022e4   0x00000338   Code   RO         1713    i.HAL_RCC_OscConfig  stm32f2xx_hal_rcc.o
    0x0800261c   0x0800261c   0x00000028   Code   RO         1860    i.HAL_SYSTICK_Config  stm32f2xx_hal_cortex.o
    0x08002644   0x08002644   0x00000002   Code   RO         3588    i.HAL_UARTEx_RxEventCallback  stm32f2xx_hal_uart.o
    0x08002646   0x08002646   0x00000002   Code   RO         3602    i.HAL_UART_ErrorCallback  stm32f2xx_hal_uart.o
    0x08002648   0x08002648   0x00000210   Code   RO         3605    i.HAL_UART_IRQHandler  stm32f2xx_hal_uart.o
    0x08002858   0x08002858   0x00000062   Code   RO         3606    i.HAL_UART_Init     stm32f2xx_hal_uart.o
    0x080028ba   0x080028ba   0x00000002   PAD
    0x080028bc   0x080028bc   0x000000d0   Code   RO          577    i.HAL_UART_MspInit  usart.o
    0x0800298c   0x0800298c   0x00000002   Code   RO         3612    i.HAL_UART_RxCpltCallback  stm32f2xx_hal_uart.o
    0x0800298e   0x0800298e   0x00000002   PAD
    0x08002990   0x08002990   0x000000b2   Code   RO         3614    i.HAL_UART_Transmit  stm32f2xx_hal_uart.o
    0x08002a42   0x08002a42   0x00000002   Code   RO         3617    i.HAL_UART_TxCpltCallback  stm32f2xx_hal_uart.o
    0x08002a44   0x08002a44   0x00000010   Code   RO          260    i.HC595_Enable      74hc595.o
    0x08002a54   0x08002a54   0x00000068   Code   RO          261    i.HC595_Init        74hc595.o
    0x08002abc   0x08002abc   0x00000020   Code   RO          262    i.HC595_OutData     74hc595.o
    0x08002adc   0x08002adc   0x00000030   Code   RO          263    i.HC595_WriteDataBit  74hc595.o
    0x08002b0c   0x08002b0c   0x0000001e   Code   RO          264    i.HC595_WriteDataByte  74hc595.o
    0x08002b2a   0x08002b2a   0x00000002   Code   RO          627    i.HardFault_Handler  stm32f2xx_it.o
    0x08002b2c   0x08002b2c   0x0000008c   Code   RO          926    i.LCD_DATA_Send16   tft_glcd.o
    0x08002bb8   0x08002bb8   0x00000010   Code   RO          927    i.LCD_Enable        tft_glcd.o
    0x08002bc8   0x08002bc8   0x000000cc   Code   RO          928    i.LCD_GPIO_Init     tft_glcd.o
    0x08002c94   0x08002c94   0x00000038   Code   RO          929    i.LCD_Reset         tft_glcd.o
    0x08002ccc   0x08002ccc   0x0000001c   Code   RO          930    i.LCD_WR_DATA       tft_glcd.o
    0x08002ce8   0x08002ce8   0x0000001c   Code   RO          931    i.LCD_Write_COM     tft_glcd.o
    0x08002d04   0x08002d04   0x00000020   Code   RO          933    i.LCD_Write_DATA    tft_glcd.o
    0x08002d24   0x08002d24   0x0000020e   Code   RO          935    i.Lcd_Init          tft_glcd.o
    0x08002f32   0x08002f32   0x00000002   PAD
    0x08002f34   0x08002f34   0x000000e4   Code   RO          452    i.MX_ADC1_Init      adc.o
    0x08003018   0x08003018   0x0000002c   Code   RO          496    i.MX_DMA_Init       dma.o
    0x08003044   0x08003044   0x000000e0   Code   RO          426    i.MX_GPIO_Init      gpio.o
    0x08003124   0x08003124   0x00000038   Code   RO          578    i.MX_USART1_UART_Init  usart.o
    0x0800315c   0x0800315c   0x00000038   Code   RO          579    i.MX_USART3_UART_Init  usart.o
    0x08003194   0x08003194   0x00000002   Code   RO          628    i.MemManage_Handler  stm32f2xx_it.o
    0x08003196   0x08003196   0x00000002   Code   RO          629    i.NMI_Handler       stm32f2xx_it.o
    0x08003198   0x08003198   0x00000002   Code   RO          630    i.PendSV_Handler    stm32f2xx_it.o
    0x0800319a   0x0800319a   0x000000fa   Code   RO          323    i.Relay_Control     relay.o
    0x08003294   0x08003294   0x0000001e   Code   RO          324    i.Relay_Init        relay.o
    0x080032b2   0x080032b2   0x00000030   Code   RO          325    i.Relay_RowConvert  relay.o
    0x080032e2   0x080032e2   0x00000002   Code   RO          631    i.SVC_Handler       stm32f2xx_it.o
    0x080032e4   0x080032e4   0x0000000c   Code   RO          748    i.SimpleKalmanFilter  simplekalmanfilter.o
    0x080032f0   0x080032f0   0x0000000c   Code   RO          749    i.SimpleKalmanFilter_2  simplekalmanfilter.o
    0x080032fc   0x080032fc   0x0000000c   Code   RO          750    i.SimpleKalmanFilter_3  simplekalmanfilter.o
    0x08003308   0x08003308   0x0000000c   Code   RO          751    i.SimpleKalmanFilter_4  simplekalmanfilter.o
    0x08003314   0x08003314   0x0000000c   Code   RO          752    i.SimpleKalmanFilter_5  simplekalmanfilter.o
    0x08003320   0x08003320   0x00000014   Code   RO          753    i.SimpleKalmanFilter_6  simplekalmanfilter.o
    0x08003334   0x08003334   0x00000004   Code   RO          632    i.SysTick_Handler   stm32f2xx_it.o
    0x08003338   0x08003338   0x00000056   Code   RO          360    i.SystemClock_Config  main.o
    0x0800338e   0x0800338e   0x00000002   Code   RO         3935    i.SystemInit        system_stm32f2xx.o
    0x08003390   0x08003390   0x00000016   Code   RO          633    i.TIM2_IRQHandler   stm32f2xx_it.o
    0x080033a6   0x080033a6   0x00000002   PAD
    0x080033a8   0x080033a8   0x00000060   Code   RO           17    i.TimerUpdate_Callback  common.o
    0x08003408   0x08003408   0x00000058   Code   RO           18    i.UART1_CharReception_Callback  common.o
    0x08003460   0x08003460   0x00000014   Code   RO           19    i.UART1_Error_Callback  common.o
    0x08003474   0x08003474   0x00000038   Code   RO           20    i.UART1_GetDataByte  common.o
    0x080034ac   0x080034ac   0x00000058   Code   RO           21    i.UART3_CharReception_Callback  common.o
    0x08003504   0x08003504   0x00000014   Code   RO           22    i.UART3_Error_Callback  common.o
    0x08003518   0x08003518   0x00000038   Code   RO           23    i.UART3_GetDataByte  common.o
    0x08003550   0x08003550   0x00000010   Code   RO         3619    i.UART_DMAAbortOnError  stm32f2xx_hal_uart.o
    0x08003560   0x08003560   0x00000030   Code   RO         3629    i.UART_EndRxTransfer  stm32f2xx_hal_uart.o
    0x08003590   0x08003590   0x000000b6   Code   RO         3631    i.UART_Receive_IT   stm32f2xx_hal_uart.o
    0x08003646   0x08003646   0x00000002   PAD
    0x08003648   0x08003648   0x00000124   Code   RO         3632    i.UART_SetConfig    stm32f2xx_hal_uart.o
    0x0800376c   0x0800376c   0x00000064   Code   RO         3635    i.UART_WaitOnFlagUntilTimeout  stm32f2xx_hal_uart.o
    0x080037d0   0x080037d0   0x00000014   Code   RO          634    i.USART1_IRQHandler  stm32f2xx_it.o
    0x080037e4   0x080037e4   0x00000014   Code   RO          635    i.USART3_IRQHandler  stm32f2xx_it.o
    0x080037f8   0x080037f8   0x00000030   Code   RO           24    i.USART_InterruptInit  common.o
    0x08003828   0x08003828   0x00000180   Code   RO         1178    i.UpdateLCD_ADC_value  draw.o
    0x080039a8   0x080039a8   0x000000d4   Code   RO         1179    i.UpdateLCD_Bubbles  draw.o
    0x08003a7c   0x08003a7c   0x000001a4   Code   RO         1180    i.UpdateLCD_Button  draw.o
    0x08003c20   0x08003c20   0x00000002   Code   RO          636    i.UsageFault_Handler  stm32f2xx_it.o
    0x08003c22   0x08003c22   0x00000002   PAD
    0x08003c24   0x08003c24   0x00000020   Code   RO         4046    i.__0printf$1       mc_w.l(printf1.o)
    0x08003c44   0x08003c44   0x00000028   Code   RO         4048    i.__0sprintf$1      mc_w.l(printf1.o)
    0x08003c6c   0x08003c6c   0x00000028   Code   RO         4355    i.__ARM_fpclassify  m_ws.l(fpclassify.o)
    0x08003c94   0x08003c94   0x00000022   Code   RO           27    i.__NVIC_DisableIRQ  common.o
    0x08003cb6   0x08003cb6   0x00000020   Code   RO         1862    i.__NVIC_SetPriority  stm32f2xx_hal_cortex.o
    0x08003cd6   0x08003cd6   0x00000002   PAD
    0x08003cd8   0x08003cd8   0x00000388   Code   RO         4303    i.__ieee754_rem_pio2  m_ws.l(rred.o)
    0x08004060   0x08004060   0x000000fc   Code   RO         4286    i.__kernel_cos      m_ws.l(cos_i.o)
    0x0800415c   0x0800415c   0x000000aa   Code   RO         4357    i.__kernel_poly     m_ws.l(poly.o)
    0x08004206   0x08004206   0x00000002   PAD
    0x08004208   0x08004208   0x000000ec   Code   RO         4308    i.__kernel_sin      m_ws.l(sin_i.o)
    0x080042f4   0x080042f4   0x00000006   Code   RO         4290    i.__mathlib_dbl_infnan  m_ws.l(dunder.o)
    0x080042fa   0x080042fa   0x0000000c   Code   RO         4292    i.__mathlib_dbl_invalid  m_ws.l(dunder.o)
    0x08004306   0x08004306   0x00000002   PAD
    0x08004308   0x08004308   0x00000010   Code   RO         4295    i.__mathlib_dbl_underflow  m_ws.l(dunder.o)
    0x08004318   0x08004318   0x0000000e   Code   RO         4365    i.__scatterload_copy  mc_w.l(handlers.o)
    0x08004326   0x08004326   0x00000002   Code   RO         4366    i.__scatterload_null  mc_w.l(handlers.o)
    0x08004328   0x08004328   0x0000000e   Code   RO         4367    i.__scatterload_zeroinit  mc_w.l(handlers.o)
    0x08004336   0x08004336   0x00000002   PAD
    0x08004338   0x08004338   0x0000000c   Code   RO         4339    i.__set_errno       mc_w.l(errno.o)
    0x08004344   0x08004344   0x00000154   Code   RO         4053    i._printf_core      mc_w.l(printf1.o)
    0x08004498   0x08004498   0x0000000a   Code   RO         4055    i._sputc            mc_w.l(printf1.o)
    0x080044a2   0x080044a2   0x00000002   PAD
    0x080044a4   0x080044a4   0x00000020   Code   RO          936    i.clrXY             tft_glcd.o
    0x080044c4   0x080044c4   0x0000009c   Code   RO         3970    i.cos               m_ws.l(cos.o)
    0x08004560   0x08004560   0x00000018   Code   RO           28    i.fputc             common.o
    0x08004578   0x08004578   0x00000048   Code   RO          937    i.lcd_draw_Hline    tft_glcd.o
    0x080045c0   0x080045c0   0x00000060   Code   RO          938    i.lcd_draw_Vline    tft_glcd.o
    0x08004620   0x08004620   0x00000054   Code   RO          939    i.lcd_draw_circle_fill  tft_glcd.o
    0x08004674   0x08004674   0x0000015c   Code   RO          940    i.lcd_draw_circle_outline  tft_glcd.o
    0x080047d0   0x080047d0   0x000000b4   Code   RO          941    i.lcd_draw_enter_fill  tft_glcd.o
    0x08004884   0x08004884   0x00000060   Code   RO          943    i.lcd_draw_exit_fill  tft_glcd.o
    0x080048e4   0x080048e4   0x000000d4   Code   RO          945    i.lcd_draw_line     tft_glcd.o
    0x080049b8   0x080049b8   0x0000005e   Code   RO          947    i.lcd_draw_power_fill  tft_glcd.o
    0x08004a16   0x08004a16   0x00000002   PAD
    0x08004a18   0x08004a18   0x00000104   Code   RO          948    i.lcd_draw_return_fill  tft_glcd.o
    0x08004b1c   0x08004b1c   0x00000028   Code   RO          951    i.lcd_draw_square_fill  tft_glcd.o
    0x08004b44   0x08004b44   0x00000046   Code   RO          952    i.lcd_draw_square_outline  tft_glcd.o
    0x08004b8a   0x08004b8a   0x00000002   PAD
    0x08004b8c   0x08004b8c   0x000001a4   Code   RO          953    i.lcd_draw_triangle_fill  tft_glcd.o
    0x08004d30   0x08004d30   0x000000a0   Code   RO          954    i.lcd_print_text    tft_glcd.o
    0x08004dd0   0x08004dd0   0x00000074   Code   RO          955    i.lcd_screen_fill   tft_glcd.o
    0x08004e44   0x08004e44   0x00000010   Code   RO          956    i.lcd_set_color16bit  tft_glcd.o
    0x08004e54   0x08004e54   0x00000020   Code   RO          957    i.lcd_set_colorRGB  tft_glcd.o
    0x08004e74   0x08004e74   0x0000000a   Code   RO          958    i.lcd_set_pixel     tft_glcd.o
    0x08004e7e   0x08004e7e   0x00000002   PAD
    0x08004e80   0x08004e80   0x00000114   Code   RO          361    i.main              main.o
    0x08004f94   0x08004f94   0x00000154   Code   RO          959    i.printChar         tft_glcd.o
    0x080050e8   0x080050e8   0x000001b0   Code   RO          960    i.rotateChar        tft_glcd.o
    0x08005298   0x08005298   0x0000001c   Code   RO          961    i.setFont           tft_glcd.o
    0x080052b4   0x080052b4   0x0000006c   Code   RO          962    i.setXY             tft_glcd.o
    0x08005320   0x08005320   0x000000a0   Code   RO         3978    i.sin               m_ws.l(sin.o)
    0x080053c0   0x080053c0   0x0000009c   Code   RO          763    i.updateEstimate    simplekalmanfilter.o
    0x0800545c   0x0800545c   0x0000009c   Code   RO          764    i.updateEstimate_2  simplekalmanfilter.o
    0x080054f8   0x080054f8   0x0000009c   Code   RO          765    i.updateEstimate_3  simplekalmanfilter.o
    0x08005594   0x08005594   0x0000009c   Code   RO          766    i.updateEstimate_4  simplekalmanfilter.o
    0x08005630   0x08005630   0x0000009c   Code   RO          767    i.updateEstimate_5  simplekalmanfilter.o
    0x080056cc   0x080056cc   0x000000a0   Code   RO          768    i.updateEstimate_6  simplekalmanfilter.o
    0x0800576c   0x0800576c   0x00000008   Data   RO         2400    .constdata          stm32f2xx_hal_dma.o
    0x08005774   0x08005774   0x00000010   Data   RO         3936    .constdata          system_stm32f2xx.o
    0x08005784   0x08005784   0x00000008   Data   RO         3937    .constdata          system_stm32f2xx.o
    0x0800578c   0x0800578c   0x00000004   PAD
    0x08005790   0x08005790   0x00000030   Data   RO         4287    .constdata          m_ws.l(cos_i.o)
    0x080057c0   0x080057c0   0x000000c8   Data   RO         4305    .constdata          m_ws.l(rred.o)
    0x08005888   0x08005888   0x00000028   Data   RO         4309    .constdata          m_ws.l(sin_i.o)
    0x080058b0   0x080058b0   0x00000020   Data   RO         4363    Region$$Table       anon$$obj.o


    Execution Region RW_IRAM1 (Exec base: 0x20000000, Load base: 0x080058d0, Size: 0x00000db0, Max: 0x00020000, ABSOLUTE, COMPRESSED[0x00000244])

    Exec Addr    Load Addr    Size         Type   Attr      Idx    E Section Name        Object

    0x20000000   COMPRESSED   0x0000001c   Data   RW           30    .data               common.o
    0x2000001c   COMPRESSED   0x00000001   Data   RW           31    .data               common.o
    0x2000001d   COMPRESSED   0x00000001   Data   RW           32    .data               common.o
    0x2000001e   COMPRESSED   0x00000001   Data   RW           33    .data               common.o
    0x2000001f   COMPRESSED   0x00000001   Data   RW           34    .data               common.o
    0x20000020   COMPRESSED   0x00000001   Data   RW           35    .data               common.o
    0x20000021   COMPRESSED   0x00000001   Data   RW           36    .data               common.o
    0x20000022   COMPRESSED   0x00000001   Data   RW           37    .data               common.o
    0x20000023   COMPRESSED   0x00000001   Data   RW           38    .data               common.o
    0x20000024   COMPRESSED   0x00000002   Data   RW          362    .data               main.o
    0x20000026   COMPRESSED   0x00000002   PAD
    0x20000028   COMPRESSED   0x00000008   Data   RW          523    .data               tim.o
    0x20000030   COMPRESSED   0x00000090   Data   RW          769    .data               simplekalmanfilter.o
    0x200000c0   COMPRESSED   0x000002fc   Data   RW          963    .data               tft_glcd.o
    0x200003bc   COMPRESSED   0x00000018   Data   RW          966    .data               tft_glcd.o
    0x200003d4   COMPRESSED   0x0000017c   Data   RW         1181    .data               draw.o
    0x20000550   COMPRESSED   0x0000000c   Data   RW         1541    .data               stm32f2xx_hal.o
    0x2000055c   COMPRESSED   0x00000004   Data   RW         3938    .data               system_stm32f2xx.o
    0x20000560   COMPRESSED   0x00000004   Data   RW         3991    .data               mc_w.l(rand.o)
    0x20000564   COMPRESSED   0x00000004   Data   RW         4328    .data               mc_w.l(stdout.o)
    0x20000568   COMPRESSED   0x00000004   Data   RW         4340    .data               mc_w.l(errno.o)
    0x2000056c        -       0x00000310   Zero   RW           29    .bss                common.o
    0x2000087c        -       0x000000a8   Zero   RW          453    .bss                adc.o
    0x20000924        -       0x00000088   Zero   RW          580    .bss                usart.o
    0x200009ac   COMPRESSED   0x00000004   PAD
    0x200009b0        -       0x00000400   Zero   RW            1    STACK               startup_stm32f205xx.o


==============================================================================

Image component sizes


      Code (inc. data)   RO Data    RW Data    ZI Data      Debug   Object Name

       230         22          0          0          0       2839   74hc595.o
       416         44          0          0        168       1851   adc.o
       236         88          0          0          0        924   application.o
      1314         96          0         36        784     674546   common.o
        44          4          0          0          0        730   dma.o
      2056        210          0        380          0       6257   draw.o
       224         20          0          0          0        955   gpio.o
       364         34          0          2          0       2305   main.o
       328          8          0          0          0       2000   relay.o
      1020         74          0        144          0       8466   simplekalmanfilter.o
        36          8        388          0       1024        788   startup_stm32f205xx.o
       180         28          0         12          0       8969   stm32f2xx_hal.o
      1152         48          0          0          0       6825   stm32f2xx_hal_adc.o
       198         14          0          0          0      30555   stm32f2xx_hal_cortex.o
      1084         16          8          0          0       6982   stm32f2xx_hal_dma.o
       668         50          0          0          0       2843   stm32f2xx_hal_gpio.o
        48          6          0          0          0        810   stm32f2xx_hal_msp.o
      1336         84          0          0          0       5032   stm32f2xx_hal_rcc.o
      1450         14          0          0          0       9556   stm32f2xx_hal_uart.o
        94         14          0          0          0      29614   stm32f2xx_it.o
         2          0         24          4          0       1079   system_stm32f2xx.o
      4276        186          0        788          0      24024   tft_glcd.o
       152         18          0          8          0      57463   tim.o
       320         38          0          0        136       2299   usart.o

    ----------------------------------------------------------------------
     17264       1124        456       1376       2116     887712   Object Totals
         0          0         32          0          0          0   (incl. Generated)
        36          0          4          2          4          0   (incl. Padding)

    ----------------------------------------------------------------------

      Code (inc. data)   RO Data    RW Data    ZI Data      Debug   Library Member Name

       156          8          0          0          0        104   cos.o
       252         22         48          0          0        124   cos_i.o
        34          6          0          0          0        204   dunder.o
        40          0          0          0          0         68   fpclassify.o
       170          0          0          0          0         96   poly.o
       904         76        200          0          0        140   rred.o
       160         10          0          0          0        108   sin.o
       236         12         40          0          0        128   sin_i.o
        86          0          0          0          0          0   __dczerorl2.o
         0          0          0          0          0          0   entry.o
         0          0          0          0          0          0   entry10a.o
         0          0          0          0          0          0   entry11a.o
         8          4          0          0          0          0   entry2.o
         4          0          0          0          0          0   entry5.o
         0          0          0          0          0          0   entry7b.o
         0          0          0          0          0          0   entry8b.o
         8          4          0          0          0          0   entry9a.o
        12          6          0          4          0         68   errno.o
        30          0          0          0          0          0   handlers.o
        36          8          0          0          0         68   init.o
         0          0          0          0          0          0   iusefp.o
        30          0          0          0          0         68   llshl.o
        36          0          0          0          0         68   llsshr.o
        32          0          0          0          0         68   llushr.o
        36          0          0          0          0        108   memseta.o
       422         20          0          0          0        336   printf1.o
        36         10          0          4          0        136   rand.o
         0          0          0          4          0          0   stdout.o
        14          0          0          0          0         68   strlen.o
        44          0          0          0          0         80   uidiv.o
        98          0          0          0          0         92   uldiv.o
        56          0          0          0          0         88   d2f.o
       334          0          0          0          0        148   dadd.o
       222          0          0          0          0        100   ddiv.o
       186          0          0          0          0        176   depilogue.o
        62          0          0          0          0         80   dfixi.o
        50          0          0          0          0         76   dfixui.o
        34          0          0          0          0         76   dflti.o
        26          0          0          0          0         76   dfltui.o
       228          0          0          0          0         96   dmul.o
        46          0          0          0          0         80   dscalb.o
        38          0          0          0          0         68   f2d.o
       176          0          0          0          0        140   fadd.o
       124          0          0          0          0         88   fdiv.o
       110          0          0          0          0        168   fepilogue.o
        40          0          0          0          0         68   ffixui.o
       100          0          0          0          0         76   fmul.o

    ----------------------------------------------------------------------
      4728        186        288         12          0       3736   Library Totals
        12          0          0          0          0          0   (incl. Padding)

    ----------------------------------------------------------------------

      Code (inc. data)   RO Data    RW Data    ZI Data      Debug   Library Name

      1952        134        288          0          0        972   m_ws.l
       932         52          0         12          0       1160   mc_w.l
      1832          0          0          0          0       1604   mf_w.l

    ----------------------------------------------------------------------
      4728        186        288         12          0       3736   Library Totals

    ----------------------------------------------------------------------

==============================================================================


      Code (inc. data)   RO Data    RW Data    ZI Data      Debug   

     21992       1310        744       1388       2116     882164   Grand Totals
     21992       1310        744        580       2116     882164   ELF Image Totals (compressed)
     21992       1310        744        580          0          0   ROM Totals

==============================================================================

    Total RO  Size (Code + RO Data)                22736 (  22.20kB)
    Total RW  Size (RW Data + ZI Data)              3504 (   3.42kB)
    Total ROM Size (Code + RO Data + RW Data)      23316 (  22.77kB)

==============================================================================

